---
source: src/ast.rs
expression: "(line,\ndb.resolve(NodeLocation::from_range(uri.clone(),\nRange::new(pos, pos))).and_then(|d| db.typ(d)))"
---
(
    "            global s = \"str\";",
    Some(
        Decl {
            module: Global,
            id: u!("string"),
            fqid: u!("string"),
            kind: Builtin(
                String,
            ),
            is_export: None,
            loc: None,
            documentation: u!("Builtin type 'string'"),
        },
    ),
)
