---
source: src/complete.rs
expression: result
---
[
    CompletionItem {
        label: "fallthrough",
        kind: Some(
            Keyword,
        ),
        detail: None,
        documentation: None,
        deprecated: None,
        preselect: None,
        sort_text: None,
        filter_text: None,
        insert_text: None,
        insert_text_format: None,
        insert_text_mode: None,
        text_edit: None,
        additional_text_edits: None,
        command: None,
        commit_characters: None,
        data: None,
        tags: None,
    },
    CompletionItem {
        label: "file",
        kind: Some(
            Keyword,
        ),
        detail: None,
        documentation: None,
        deprecated: None,
        preselect: None,
        sort_text: None,
        filter_text: None,
        insert_text: None,
        insert_text_format: None,
        insert_text_mode: None,
        text_edit: None,
        additional_text_edits: None,
        command: None,
        commit_characters: None,
        data: None,
        tags: None,
    },
    CompletionItem {
        label: "foo",
        kind: Some(
            Function,
        ),
        detail: None,
        documentation: Some(
            MarkupContent(
                MarkupContent {
                    kind: Markdown,
                    value: "```zeek\nfunction foo() {}\n```",
                },
            ),
        ),
        deprecated: None,
        preselect: None,
        sort_text: None,
        filter_text: None,
        insert_text: None,
        insert_text_format: None,
        insert_text_mode: None,
        text_edit: None,
        additional_text_edits: None,
        command: None,
        commit_characters: None,
        data: None,
        tags: None,
    },
    CompletionItem {
        label: "for",
        kind: Some(
            Keyword,
        ),
        detail: None,
        documentation: None,
        deprecated: None,
        preselect: None,
        sort_text: None,
        filter_text: None,
        insert_text: None,
        insert_text_format: None,
        insert_text_mode: None,
        text_edit: None,
        additional_text_edits: None,
        command: None,
        commit_characters: None,
        data: None,
        tags: None,
    },
    CompletionItem {
        label: "function",
        kind: Some(
            Keyword,
        ),
        detail: None,
        documentation: None,
        deprecated: None,
        preselect: None,
        sort_text: None,
        filter_text: None,
        insert_text: None,
        insert_text_format: None,
        insert_text_mode: None,
        text_edit: None,
        additional_text_edits: None,
        command: None,
        commit_characters: None,
        data: None,
        tags: None,
    },
]
