---
source: src/ast.rs
expression: "(line,\ndb.resolve(NodeLocation::from_range(uri.clone(),\nRange::new(pos, pos))).and_then(|d| db.typ(d)))"
---
(
    "            global h = example.org;",
    Some(
        Decl {
            module: Global,
            id: u!("set[addr]"),
            fqid: u!("set[addr]"),
            kind: Builtin(
                Set(
                    [
                        Addr,
                    ],
                ),
            ),
            is_export: None,
            loc: None,
            documentation: u!("Builtin type 'set[addr]'"),
        },
    ),
)
