---
source: src/ast.rs
expression: "db.resolve(NodeLocation::from_node(uri.clone(), ta))"
---
Some(
    Decl {
        module: None,
        id: "ta",
        fqid: "ta",
        kind: Index(
            Loop(
                0,
            ),
            "table([1]=\"a\", [2]=\"b\")",
        ),
        is_export: None,
        loc: Some(
            Location {
                range: Range {
                    start: Position {
                        line: 4,
                        character: 5,
                    },
                    end: Position {
                        line: 4,
                        character: 7,
                    },
                },
                selection_range: Range {
                    start: Position {
                        line: 4,
                        character: 5,
                    },
                    end: Position {
                        line: 4,
                        character: 7,
                    },
                },
                uri: Url {
                    scheme: "file",
                    cannot_be_a_base: false,
                    username: "",
                    password: None,
                    host: None,
                    port: None,
                    path: "/x.zeek",
                    query: None,
                    fragment: None,
                },
            },
        ),
        documentation: "Index 0 of `table([1]=\"a\", [2]=\"b\")`",
    },
)
