---
source: src/ast.rs
expression: db.typ(decl)
---
Some(
    Decl {
        module: None,
        id: "B",
        fqid: "B",
        kind: Type(
            [
                Decl {
                    module: None,
                    id: "i",
                    fqid: "B::i",
                    kind: Field,
                    is_export: None,
                    range: Range {
                        start: Position {
                            line: 2,
                            character: 16,
                        },
                        end: Position {
                            line: 2,
                            character: 17,
                        },
                    },
                    selection_range: Range {
                        start: Position {
                            line: 2,
                            character: 16,
                        },
                        end: Position {
                            line: 2,
                            character: 17,
                        },
                    },
                    documentation: "```zeek\n# In B\ni: count;\n```",
                    uri: Url {
                        scheme: "file",
                        cannot_be_a_base: false,
                        username: "",
                        password: None,
                        host: None,
                        port: None,
                        path: "/x.zeek",
                        query: None,
                        fragment: None,
                    },
                },
            ],
        ),
        is_export: Some(
            false,
        ),
        range: Range {
            start: Position {
                line: 1,
                character: 12,
            },
            end: Position {
                line: 3,
                character: 14,
            },
        },
        selection_range: Range {
            start: Position {
                line: 1,
                character: 17,
            },
            end: Position {
                line: 1,
                character: 18,
            },
        },
        documentation: "```zeek\ntype B: record {\n                i: count;\n            };\n```",
        uri: Url {
            scheme: "file",
            cannot_be_a_base: false,
            username: "",
            password: None,
            host: None,
            port: None,
            path: "/x.zeek",
            query: None,
            fragment: None,
        },
    },
)
