---
source: src/ast.rs
expression: "db.resolve(NodeLocation::from_node(uri.clone(), node))"
---
Some(
    Decl {
        module: None,
        id: "y",
        fqid: "y",
        kind: Variable,
        is_export: None,
        loc: Some(
            Location {
                range: Range {
                    start: Position {
                        line: 17,
                        character: 19,
                    },
                    end: Position {
                        line: 17,
                        character: 20,
                    },
                },
                selection_range: Range {
                    start: Position {
                        line: 17,
                        character: 19,
                    },
                    end: Position {
                        line: 17,
                        character: 27,
                    },
                },
                uri: Uri(
                    Uri {
                        scheme: "file",
                        authority: Some(
                            Authority {
                                userinfo: None,
                                host: "",
                                host_parsed: RegName(
                                    "",
                                ),
                                port: None,
                            },
                        ),
                        path: "/x.zeek",
                        query: None,
                        fragment: None,
                    },
                ),
            },
        ),
        documentation: "```zeek\ny: count\n```",
    },
)
