---
source: src/ast.rs
expression: "db.resolve(NodeLocation::from_node(uri.clone(), b)).and_then(|d| db.typ(d))"
---
Some(
    Decl {
        module: Global,
        id: u!("<integer>"),
        fqid: u!("<integer>"),
        kind: Builtin(
            Id(
                u!("<integer>"),
            ),
        ),
        is_export: None,
        loc: None,
        documentation: u!("Builtin type '<integer>'"),
    },
)
