---
source: src/ast.rs
expression: resolved
---
Decl {
    module: Global,
    id: u!("opaque of count"),
    fqid: u!("opaque of count"),
    kind: Builtin(
        Opaque(
            Count,
        ),
    ),
    is_export: None,
    loc: None,
    documentation: u!("Builtin type 'opaque of count'"),
}
