---
source: src/ast.rs
expression: "db.resolve(NodeLocation::from_node(uri, node))"
---
Some(
    Decl {
        module: None,
        id: "f",
        fqid: "x::X::f",
        kind: Field(
            [
                "&optional",
            ],
        ),
        is_export: None,
        loc: Some(
            Location {
                range: Range {
                    start: Position {
                        line: 1,
                        character: 17,
                    },
                    end: Position {
                        line: 1,
                        character: 18,
                    },
                },
                selection_range: Range {
                    start: Position {
                        line: 1,
                        character: 17,
                    },
                    end: Position {
                        line: 1,
                        character: 18,
                    },
                },
                uri: Uri(
                    Uri {
                        scheme: Some(
                            "file",
                        ),
                        authority: Some(
                            Authority {
                                userinfo: None,
                                host: Host {
                                    text: "",
                                    data: RegName(
                                        "",
                                    ),
                                },
                                port: None,
                            },
                        ),
                        path: "/x.zeek",
                        query: None,
                        fragment: None,
                    },
                ),
            },
        ),
        documentation: "```zeek\n# In x::X\nf: count &optional;\n```",
    },
)
