---
source: src/ast.rs
expression: "db.resolve(NodeLocation::from_node(uri.clone(), s))"
---
Some(
    Decl {
        module: None,
        id: u!("s"),
        fqid: u!("s"),
        kind: Index(
            Loop(
                0,
            ),
            u!("set(1, 2, 3)"),
        ),
        is_export: None,
        loc: Some(
            Location {
                range: Range {
                    start: Position {
                        line: 3,
                        character: 5,
                    },
                    end: Position {
                        line: 3,
                        character: 6,
                    },
                },
                selection_range: Range {
                    start: Position {
                        line: 3,
                        character: 5,
                    },
                    end: Position {
                        line: 3,
                        character: 6,
                    },
                },
                uri: Uri(
                    Uri {
                        scheme: "file",
                        authority: Some(
                            Authority {
                                userinfo: None,
                                host: "",
                                host_parsed: RegName(
                                    "",
                                ),
                                port: None,
                            },
                        ),
                        path: "/x.zeek",
                        query: None,
                        fragment: None,
                    },
                ),
            },
        ),
        documentation: u!("Index 0 of `set(1, 2, 3)`"),
    },
)
