---
source: src/lsp.rs
expression: "server.goto_implementation(super::GotoImplementationParams {\n            text_document_position_params: TextDocumentPositionParams::new(TextDocumentIdentifier::new(uri_x),\n                Position::new(2, 17)),\n            partial_result_params: PartialResultParams::default(),\n            work_done_progress_params: WorkDoneProgressParams::default(),\n        }).await"
---
Ok(
    Some(
        Array(
            [
                Location {
                    uri: Url {
                        scheme: "file",
                        cannot_be_a_base: false,
                        username: "",
                        password: None,
                        host: None,
                        port: None,
                        path: "/x.zeek",
                        query: None,
                        fragment: None,
                    },
                    range: Range {
                        start: Position {
                            line: 6,
                            character: 0,
                        },
                        end: Position {
                            line: 6,
                            character: 17,
                        },
                    },
                },
                Location {
                    uri: Url {
                        scheme: "file",
                        cannot_be_a_base: false,
                        username: "",
                        password: None,
                        host: None,
                        port: None,
                        path: "/x.zeek",
                        query: None,
                        fragment: None,
                    },
                    range: Range {
                        start: Position {
                            line: 5,
                            character: 0,
                        },
                        end: Position {
                            line: 5,
                            character: 14,
                        },
                    },
                },
            ],
        ),
    ),
)
