---
source: src/ast.rs
expression: "(line,\ndb.resolve(NodeLocation::from_range(uri.clone(),\nRange::new(pos, pos))).and_then(|d| db.typ(d)))"
---
(
    "            global x = 1;",
    Some(
        Decl {
            module: Global,
            id: u!("<integer>"),
            fqid: u!("<integer>"),
            kind: Builtin(
                Id(
                    u!("<integer>"),
                ),
            ),
            is_export: None,
            loc: None,
            documentation: u!("Builtin type '<integer>'"),
        },
    ),
)
