---
source: src/ast.rs
expression: "decl.as_ref().and_then(|d| crate::ast::typ(&db.0, Arc::clone(d)))"
---
Some(
    Decl {
        module: Global,
        id: u!("count"),
        fqid: u!("count"),
        kind: Builtin(
            Count,
        ),
        is_export: None,
        loc: None,
        documentation: u!("Builtin type 'count'"),
    },
)
