---
source: src/complete.rs
expression: "complete(&db.0,\n    CompletionParams {\n        text_document_position: TextDocumentPositionParams {\n            text_document: TextDocumentIdentifier::new(uri),\n            position: Position::new(11, 8),\n        },\n        work_done_progress_params: WorkDoneProgressParams::default(),\n        partial_result_params: PartialResultParams::default(),\n        context: None,\n    })"
---
Some(
    Array(
        [
            CompletionItem {
                label: "evt",
                label_details: Some(
                    CompletionItemLabelDetails {
                        detail: Some(
                            "(c: count, s: string)",
                        ),
                        description: None,
                    },
                ),
                kind: Some(
                    Event,
                ),
                detail: None,
                documentation: Some(
                    MarkupContent(
                        MarkupContent {
                            kind: Markdown,
                            value: "```zeek\nglobal evt: event(c: count, s: string);\n```",
                        },
                    ),
                ),
                deprecated: None,
                preselect: None,
                sort_text: None,
                filter_text: None,
                insert_text: Some(
                    "evt(c: count, s: string) {}",
                ),
                insert_text_format: None,
                insert_text_mode: None,
                text_edit: None,
                additional_text_edits: None,
                command: None,
                commit_characters: None,
                data: None,
                tags: None,
            },
        ],
    ),
)
