---
source: src/ast.rs
expression: "db.resolve(NodeLocation::from_node(uri, tb))"
---
Some(
    Decl {
        module: None,
        id: "tb",
        fqid: "tb",
        kind: Index(
            Loop(
                1,
            ),
            "table([1]=\"a\", [2]=\"b\")",
        ),
        is_export: None,
        loc: Some(
            Location {
                range: Range {
                    start: Position {
                        line: 4,
                        character: 9,
                    },
                    end: Position {
                        line: 4,
                        character: 11,
                    },
                },
                selection_range: Range {
                    start: Position {
                        line: 4,
                        character: 9,
                    },
                    end: Position {
                        line: 4,
                        character: 11,
                    },
                },
                uri: Uri(
                    Uri {
                        scheme: Some(
                            "file",
                        ),
                        authority: Some(
                            Authority {
                                userinfo: None,
                                host: Host {
                                    text: "",
                                    data: RegName(
                                        "",
                                    ),
                                },
                                port: None,
                            },
                        ),
                        path: "/x.zeek",
                        query: None,
                        fragment: None,
                    },
                ),
            },
        ),
        documentation: "Index 1 of `table([1]=\"a\", [2]=\"b\")`",
    },
)
