---
source: src/lsp.rs
expression: "server.code_action(CodeActionParams {\n            text_document: TextDocumentIdentifier::new((*uri).clone()),\n            range: Range::new(Position::new(0, 1), Position::new(0, 2)),\n            context,\n            work_done_progress_params: WorkDoneProgressParams::default(),\n            partial_result_params: PartialResultParams::default(),\n        }).await"
---
Ok(
    Some(
        [
            CodeAction(
                CodeAction {
                    title: "Insert missing ';'",
                    kind: Some(
                        CodeActionKind(
                            "quickfix",
                        ),
                    ),
                    diagnostics: None,
                    edit: Some(
                        WorkspaceEdit {
                            changes: Some(
                                {
                                    Url {
                                        scheme: "file",
                                        cannot_be_a_base: false,
                                        username: "",
                                        password: None,
                                        host: None,
                                        port: None,
                                        path: "/x.zeek",
                                        query: None,
                                        fragment: None,
                                    }: [
                                        TextEdit {
                                            range: Range {
                                                start: Position {
                                                    line: 0,
                                                    character: 13,
                                                },
                                                end: Position {
                                                    line: 0,
                                                    character: 13,
                                                },
                                            },
                                            new_text: ";",
                                        },
                                    ],
                                },
                            ),
                            document_changes: None,
                            change_annotations: None,
                        },
                    ),
                    command: None,
                    is_preferred: None,
                    disabled: None,
                    data: None,
                },
            ),
        ],
    ),
)
