---
source: src/ast.rs
expression: "(line,\ndb.resolve(NodeLocation::from_range(uri.clone(),\nRange::new(pos, pos))).and_then(|d| db.typ(d)))"
---
(
    "            global he = 0x1234;",
    Some(
        Decl {
            module: Global,
            id: u!("count"),
            fqid: u!("count"),
            kind: Builtin(
                Count,
            ),
            is_export: None,
            loc: None,
            documentation: u!("Builtin type 'count'"),
        },
    ),
)
