---
source: src/ast.rs
assertion_line: 1567
expression: "crate::ast::resolve(&db.0,\nNodeLocation::from_node(uri, b)).and_then(|d| crate::ast::typ(&db.0, d))"
---
Some(
    Decl {
        module: Global,
        id: u!("count"),
        fqid: u!("count"),
        kind: Builtin(
            Count,
        ),
        is_export: None,
        loc: None,
        documentation: u!("Builtin type 'count'"),
    },
)
