---
source: src/lsp.rs
expression: result
---
[
    CompletionItem {
        label: "X",
        kind: Some(
            Variable,
        ),
        detail: None,
        documentation: Some(
            MarkupContent(
                MarkupContent {
                    kind: Markdown,
                    value: "```zeek\nglobal X = 3;\n```",
                },
            ),
        ),
        deprecated: None,
        preselect: None,
        sort_text: None,
        filter_text: None,
        insert_text: None,
        insert_text_format: None,
        insert_text_mode: None,
        text_edit: None,
        additional_text_edits: None,
        command: None,
        commit_characters: None,
        data: None,
        tags: None,
    },
    CompletionItem {
        label: "Y",
        kind: Some(
            Variable,
        ),
        detail: None,
        documentation: Some(
            MarkupContent(
                MarkupContent {
                    kind: Markdown,
                    value: "```zeek\nglobal GLOBAL::Y = 3;\n```",
                },
            ),
        ),
        deprecated: None,
        preselect: None,
        sort_text: None,
        filter_text: None,
        insert_text: None,
        insert_text_format: None,
        insert_text_mode: None,
        text_edit: None,
        additional_text_edits: None,
        command: None,
        commit_characters: None,
        data: None,
        tags: None,
    },
    CompletionItem {
        label: "Z",
        kind: Some(
            Variable,
        ),
        detail: None,
        documentation: Some(
            MarkupContent(
                MarkupContent {
                    kind: Markdown,
                    value: "```zeek\nglobal mod_x::Z = 3;\n```",
                },
            ),
        ),
        deprecated: None,
        preselect: None,
        sort_text: None,
        filter_text: None,
        insert_text: None,
        insert_text_format: None,
        insert_text_mode: None,
        text_edit: None,
        additional_text_edits: None,
        command: None,
        commit_characters: None,
        data: None,
        tags: None,
    },
    CompletionItem {
        label: "double",
        kind: Some(
            Keyword,
        ),
        detail: None,
        documentation: None,
        deprecated: None,
        preselect: None,
        sort_text: None,
        filter_text: None,
        insert_text: None,
        insert_text_format: None,
        insert_text_mode: None,
        text_edit: None,
        additional_text_edits: None,
        command: None,
        commit_characters: None,
        data: None,
        tags: None,
    },
    CompletionItem {
        label: "file",
        kind: Some(
            Keyword,
        ),
        detail: None,
        documentation: None,
        deprecated: None,
        preselect: None,
        sort_text: None,
        filter_text: None,
        insert_text: None,
        insert_text_format: None,
        insert_text_mode: None,
        text_edit: None,
        additional_text_edits: None,
        command: None,
        commit_characters: None,
        data: None,
        tags: None,
    },
    CompletionItem {
        label: "mod_a::A",
        kind: Some(
            Variable,
        ),
        detail: None,
        documentation: Some(
            MarkupContent(
                MarkupContent {
                    kind: Markdown,
                    value: "```zeek\nglobal A = 1;\n```",
                },
            ),
        ),
        deprecated: None,
        preselect: None,
        sort_text: None,
        filter_text: None,
        insert_text: None,
        insert_text_format: None,
        insert_text_mode: None,
        text_edit: None,
        additional_text_edits: None,
        command: None,
        commit_characters: None,
        data: None,
        tags: None,
    },
    CompletionItem {
        label: "mod_b::B",
        kind: Some(
            Variable,
        ),
        detail: None,
        documentation: Some(
            MarkupContent(
                MarkupContent {
                    kind: Markdown,
                    value: "```zeek\nglobal B = 2;\n```",
                },
            ),
        ),
        deprecated: None,
        preselect: None,
        sort_text: None,
        filter_text: None,
        insert_text: None,
        insert_text_format: None,
        insert_text_mode: None,
        text_edit: None,
        additional_text_edits: None,
        command: None,
        commit_characters: None,
        data: None,
        tags: None,
    },
    CompletionItem {
        label: "mod_x::X",
        kind: Some(
            Variable,
        ),
        detail: None,
        documentation: Some(
            MarkupContent(
                MarkupContent {
                    kind: Markdown,
                    value: "```zeek\nglobal X = 3;\n```",
                },
            ),
        ),
        deprecated: None,
        preselect: None,
        sort_text: None,
        filter_text: None,
        insert_text: None,
        insert_text_format: None,
        insert_text_mode: None,
        text_edit: None,
        additional_text_edits: None,
        command: None,
        commit_characters: None,
        data: None,
        tags: None,
    },
    CompletionItem {
        label: "mod_x::Z",
        kind: Some(
            Variable,
        ),
        detail: None,
        documentation: Some(
            MarkupContent(
                MarkupContent {
                    kind: Markdown,
                    value: "```zeek\nglobal mod_x::Z = 3;\n```",
                },
            ),
        ),
        deprecated: None,
        preselect: None,
        sort_text: None,
        filter_text: None,
        insert_text: None,
        insert_text_format: None,
        insert_text_mode: None,
        text_edit: None,
        additional_text_edits: None,
        command: None,
        commit_characters: None,
        data: None,
        tags: None,
    },
    CompletionItem {
        label: "module",
        kind: Some(
            Keyword,
        ),
        detail: None,
        documentation: None,
        deprecated: None,
        preselect: None,
        sort_text: None,
        filter_text: None,
        insert_text: None,
        insert_text_format: None,
        insert_text_mode: None,
        text_edit: None,
        additional_text_edits: None,
        command: None,
        commit_characters: None,
        data: None,
        tags: None,
    },
    CompletionItem {
        label: "schedule",
        kind: Some(
            Keyword,
        ),
        detail: None,
        documentation: None,
        deprecated: None,
        preselect: None,
        sort_text: None,
        filter_text: None,
        insert_text: None,
        insert_text_format: None,
        insert_text_mode: None,
        text_edit: None,
        additional_text_edits: None,
        command: None,
        commit_characters: None,
        data: None,
        tags: None,
    },
    CompletionItem {
        label: "table",
        kind: Some(
            Keyword,
        ),
        detail: None,
        documentation: None,
        deprecated: None,
        preselect: None,
        sort_text: None,
        filter_text: None,
        insert_text: None,
        insert_text_format: None,
        insert_text_mode: None,
        text_edit: None,
        additional_text_edits: None,
        command: None,
        commit_characters: None,
        data: None,
        tags: None,
    },
    CompletionItem {
        label: "while",
        kind: Some(
            Keyword,
        ),
        detail: None,
        documentation: None,
        deprecated: None,
        preselect: None,
        sort_text: None,
        filter_text: None,
        insert_text: None,
        insert_text_format: None,
        insert_text_mode: None,
        text_edit: None,
        additional_text_edits: None,
        command: None,
        commit_characters: None,
        data: None,
        tags: None,
    },
]
