---
source: src/complete.rs
expression: "complete(&db.0, CompletionParams\n{\n    text_document_position:\n    TextDocumentPositionParams::new(TextDocumentIdentifier::new(uri.clone()),\n    Position::new(8, 10),), work_done_progress_params:\n    WorkDoneProgressParams::default(), partial_result_params:\n    PartialResultParams::default(), context: None,\n})"
---
Some(
    Array(
        [
            CompletionItem {
                label: "fct",
                label_details: Some(
                    CompletionItemLabelDetails {
                        detail: Some(
                            "(c: count, s: string)",
                        ),
                        description: None,
                    },
                ),
                kind: Some(
                    Function,
                ),
                detail: None,
                documentation: Some(
                    MarkupContent(
                        MarkupContent {
                            kind: Markdown,
                            value: "```zeek\nglobal fct: function(c: count, s: string);\n```",
                        },
                    ),
                ),
                deprecated: None,
                preselect: None,
                sort_text: None,
                filter_text: None,
                insert_text: Some(
                    "fct(c: count, s: string) {}",
                ),
                insert_text_format: None,
                insert_text_mode: None,
                text_edit: None,
                additional_text_edits: None,
                command: None,
                commit_characters: None,
                data: None,
                tags: None,
            },
            CompletionItem {
                label: "for",
                label_details: None,
                kind: Some(
                    Snippet,
                ),
                detail: None,
                documentation: None,
                deprecated: None,
                preselect: None,
                sort_text: None,
                filter_text: None,
                insert_text: Some(
                    "for ( ${1:x} in ${2:xs} )\n\t{\n\t${3:#code}\n\t}",
                ),
                insert_text_format: Some(
                    Snippet,
                ),
                insert_text_mode: None,
                text_edit: None,
                additional_text_edits: None,
                command: None,
                commit_characters: None,
                data: None,
                tags: None,
            },
            CompletionItem {
                label: "function",
                label_details: None,
                kind: Some(
                    Snippet,
                ),
                detail: None,
                documentation: None,
                deprecated: None,
                preselect: None,
                sort_text: None,
                filter_text: None,
                insert_text: Some(
                    "function ${1:function_name}(${2:${3:arg_name}: ${4:arg_type}}): ${5:return_type}\n\t{\n\t${6:#code}\n\t}",
                ),
                insert_text_format: Some(
                    Snippet,
                ),
                insert_text_mode: None,
                text_edit: None,
                additional_text_edits: None,
                command: None,
                commit_characters: None,
                data: None,
                tags: None,
            },
            CompletionItem {
                label: "if",
                label_details: None,
                kind: Some(
                    Snippet,
                ),
                detail: None,
                documentation: None,
                deprecated: None,
                preselect: None,
                sort_text: None,
                filter_text: None,
                insert_text: Some(
                    "if ( ${1:cond} )\n\t{\n\t${0:#code}\n\t}",
                ),
                insert_text_format: Some(
                    Snippet,
                ),
                insert_text_mode: None,
                text_edit: None,
                additional_text_edits: None,
                command: None,
                commit_characters: None,
                data: None,
                tags: None,
            },
            CompletionItem {
                label: "@if",
                label_details: None,
                kind: Some(
                    Snippet,
                ),
                detail: None,
                documentation: None,
                deprecated: None,
                preselect: None,
                sort_text: None,
                filter_text: None,
                insert_text: Some(
                    "@if ( ${1:cond} )\n\t${0:#code}\n@endif",
                ),
                insert_text_format: Some(
                    Snippet,
                ),
                insert_text_mode: None,
                text_edit: None,
                additional_text_edits: None,
                command: None,
                commit_characters: None,
                data: None,
                tags: None,
            },
            CompletionItem {
                label: "@ifdef",
                label_details: None,
                kind: Some(
                    Snippet,
                ),
                detail: None,
                documentation: None,
                deprecated: None,
                preselect: None,
                sort_text: None,
                filter_text: None,
                insert_text: Some(
                    "@ifdef ( ${1:cond} )\n\t${0:#code}\n@endif",
                ),
                insert_text_format: Some(
                    Snippet,
                ),
                insert_text_mode: None,
                text_edit: None,
                additional_text_edits: None,
                command: None,
                commit_characters: None,
                data: None,
                tags: None,
            },
            CompletionItem {
                label: "@ifndef",
                label_details: None,
                kind: Some(
                    Snippet,
                ),
                detail: None,
                documentation: None,
                deprecated: None,
                preselect: None,
                sort_text: None,
                filter_text: None,
                insert_text: Some(
                    "@ifndef ( ${1:cond} )\n\t${0:#code}\n@endif",
                ),
                insert_text_format: Some(
                    Snippet,
                ),
                insert_text_mode: None,
                text_edit: None,
                additional_text_edits: None,
                command: None,
                commit_characters: None,
                data: None,
                tags: None,
            },
        ],
    ),
)
