---
source: src/ast.rs
expression: resolved
---
Decl {
    module: Global,
    id: u!("vector of count"),
    fqid: u!("vector of count"),
    kind: Builtin(
        Vector(
            Count,
        ),
    ),
    is_export: None,
    loc: None,
    documentation: u!("Builtin type 'vector of count'"),
}
