---
source: src/complete.rs
expression: result
---
Some(
    Array(
        [
            CompletionItem {
                label: "!",
                label_details: None,
                kind: Some(
                    Keyword,
                ),
                detail: None,
                documentation: None,
                deprecated: None,
                preselect: None,
                sort_text: None,
                filter_text: None,
                insert_text: None,
                insert_text_format: None,
                insert_text_mode: None,
                text_edit: None,
                additional_text_edits: None,
                command: None,
                commit_characters: None,
                data: None,
                tags: None,
            },
            CompletionItem {
                label: "#",
                label_details: None,
                kind: Some(
                    Keyword,
                ),
                detail: None,
                documentation: None,
                deprecated: None,
                preselect: None,
                sort_text: None,
                filter_text: None,
                insert_text: None,
                insert_text_format: None,
                insert_text_mode: None,
                text_edit: None,
                additional_text_edits: None,
                command: None,
                commit_characters: None,
                data: None,
                tags: None,
            },
            CompletionItem {
                label: "##",
                label_details: None,
                kind: Some(
                    Keyword,
                ),
                detail: None,
                documentation: None,
                deprecated: None,
                preselect: None,
                sort_text: None,
                filter_text: None,
                insert_text: None,
                insert_text_format: None,
                insert_text_mode: None,
                text_edit: None,
                additional_text_edits: None,
                command: None,
                commit_characters: None,
                data: None,
                tags: None,
            },
            CompletionItem {
                label: "##!",
                label_details: None,
                kind: Some(
                    Keyword,
                ),
                detail: None,
                documentation: None,
                deprecated: None,
                preselect: None,
                sort_text: None,
                filter_text: None,
                insert_text: None,
                insert_text_format: None,
                insert_text_mode: None,
                text_edit: None,
                additional_text_edits: None,
                command: None,
                commit_characters: None,
                data: None,
                tags: None,
            },
            CompletionItem {
                label: "##<",
                label_details: None,
                kind: Some(
                    Keyword,
                ),
                detail: None,
                documentation: None,
                deprecated: None,
                preselect: None,
                sort_text: None,
                filter_text: None,
                insert_text: None,
                insert_text_format: None,
                insert_text_mode: None,
                text_edit: None,
                additional_text_edits: None,
                command: None,
                commit_characters: None,
                data: None,
                tags: None,
            },
            CompletionItem {
                label: "$",
                label_details: None,
                kind: Some(
                    Keyword,
                ),
                detail: None,
                documentation: None,
                deprecated: None,
                preselect: None,
                sort_text: None,
                filter_text: None,
                insert_text: None,
                insert_text_format: None,
                insert_text_mode: None,
                text_edit: None,
                additional_text_edits: None,
                command: None,
                commit_characters: None,
                data: None,
                tags: None,
            },
            CompletionItem {
                label: "(",
                label_details: None,
                kind: Some(
                    Keyword,
                ),
                detail: None,
                documentation: None,
                deprecated: None,
                preselect: None,
                sort_text: None,
                filter_text: None,
                insert_text: None,
                insert_text_format: None,
                insert_text_mode: None,
                text_edit: None,
                additional_text_edits: None,
                command: None,
                commit_characters: None,
                data: None,
                tags: None,
            },
            CompletionItem {
                label: "+",
                label_details: None,
                kind: Some(
                    Keyword,
                ),
                detail: None,
                documentation: None,
                deprecated: None,
                preselect: None,
                sort_text: None,
                filter_text: None,
                insert_text: None,
                insert_text_format: None,
                insert_text_mode: None,
                text_edit: None,
                additional_text_edits: None,
                command: None,
                commit_characters: None,
                data: None,
                tags: None,
            },
            CompletionItem {
                label: "++",
                label_details: None,
                kind: Some(
                    Keyword,
                ),
                detail: None,
                documentation: None,
                deprecated: None,
                preselect: None,
                sort_text: None,
                filter_text: None,
                insert_text: None,
                insert_text_format: None,
                insert_text_mode: None,
                text_edit: None,
                additional_text_edits: None,
                command: None,
                commit_characters: None,
                data: None,
                tags: None,
            },
            CompletionItem {
                label: "-",
                label_details: None,
                kind: Some(
                    Keyword,
                ),
                detail: None,
                documentation: None,
                deprecated: None,
                preselect: None,
                sort_text: None,
                filter_text: None,
                insert_text: None,
                insert_text_format: None,
                insert_text_mode: None,
                text_edit: None,
                additional_text_edits: None,
                command: None,
                commit_characters: None,
                data: None,
                tags: None,
            },
            CompletionItem {
                label: "--",
                label_details: None,
                kind: Some(
                    Keyword,
                ),
                detail: None,
                documentation: None,
                deprecated: None,
                preselect: None,
                sort_text: None,
                filter_text: None,
                insert_text: None,
                insert_text_format: None,
                insert_text_mode: None,
                text_edit: None,
                additional_text_edits: None,
                command: None,
                commit_characters: None,
                data: None,
                tags: None,
            },
            CompletionItem {
                label: ";",
                label_details: None,
                kind: Some(
                    Keyword,
                ),
                detail: None,
                documentation: None,
                deprecated: None,
                preselect: None,
                sort_text: None,
                filter_text: None,
                insert_text: None,
                insert_text_format: None,
                insert_text_mode: None,
                text_edit: None,
                additional_text_edits: None,
                command: None,
                commit_characters: None,
                data: None,
                tags: None,
            },
            CompletionItem {
                label: "@DIR",
                label_details: None,
                kind: Some(
                    Keyword,
                ),
                detail: None,
                documentation: None,
                deprecated: None,
                preselect: None,
                sort_text: None,
                filter_text: None,
                insert_text: None,
                insert_text_format: None,
                insert_text_mode: None,
                text_edit: None,
                additional_text_edits: None,
                command: None,
                commit_characters: None,
                data: None,
                tags: None,
            },
            CompletionItem {
                label: "@FILENAME",
                label_details: None,
                kind: Some(
                    Keyword,
                ),
                detail: None,
                documentation: None,
                deprecated: None,
                preselect: None,
                sort_text: None,
                filter_text: None,
                insert_text: None,
                insert_text_format: None,
                insert_text_mode: None,
                text_edit: None,
                additional_text_edits: None,
                command: None,
                commit_characters: None,
                data: None,
                tags: None,
            },
            CompletionItem {
                label: "@deprecated",
                label_details: None,
                kind: Some(
                    Keyword,
                ),
                detail: None,
                documentation: None,
                deprecated: None,
                preselect: None,
                sort_text: None,
                filter_text: None,
                insert_text: None,
                insert_text_format: None,
                insert_text_mode: None,
                text_edit: None,
                additional_text_edits: None,
                command: None,
                commit_characters: None,
                data: None,
                tags: None,
            },
            CompletionItem {
                label: "@else",
                label_details: None,
                kind: Some(
                    Keyword,
                ),
                detail: None,
                documentation: None,
                deprecated: None,
                preselect: None,
                sort_text: None,
                filter_text: None,
                insert_text: None,
                insert_text_format: None,
                insert_text_mode: None,
                text_edit: None,
                additional_text_edits: None,
                command: None,
                commit_characters: None,
                data: None,
                tags: None,
            },
            CompletionItem {
                label: "@endif",
                label_details: None,
                kind: Some(
                    Keyword,
                ),
                detail: None,
                documentation: None,
                deprecated: None,
                preselect: None,
                sort_text: None,
                filter_text: None,
                insert_text: None,
                insert_text_format: None,
                insert_text_mode: None,
                text_edit: None,
                additional_text_edits: None,
                command: None,
                commit_characters: None,
                data: None,
                tags: None,
            },
            CompletionItem {
                label: "@if",
                label_details: None,
                kind: Some(
                    Keyword,
                ),
                detail: None,
                documentation: None,
                deprecated: None,
                preselect: None,
                sort_text: None,
                filter_text: None,
                insert_text: None,
                insert_text_format: None,
                insert_text_mode: None,
                text_edit: None,
                additional_text_edits: None,
                command: None,
                commit_characters: None,
                data: None,
                tags: None,
            },
            CompletionItem {
                label: "@ifdef",
                label_details: None,
                kind: Some(
                    Keyword,
                ),
                detail: None,
                documentation: None,
                deprecated: None,
                preselect: None,
                sort_text: None,
                filter_text: None,
                insert_text: None,
                insert_text_format: None,
                insert_text_mode: None,
                text_edit: None,
                additional_text_edits: None,
                command: None,
                commit_characters: None,
                data: None,
                tags: None,
            },
            CompletionItem {
                label: "@ifndef",
                label_details: None,
                kind: Some(
                    Keyword,
                ),
                detail: None,
                documentation: None,
                deprecated: None,
                preselect: None,
                sort_text: None,
                filter_text: None,
                insert_text: None,
                insert_text_format: None,
                insert_text_mode: None,
                text_edit: None,
                additional_text_edits: None,
                command: None,
                commit_characters: None,
                data: None,
                tags: None,
            },
            CompletionItem {
                label: "@load",
                label_details: None,
                kind: Some(
                    Keyword,
                ),
                detail: None,
                documentation: None,
                deprecated: None,
                preselect: None,
                sort_text: None,
                filter_text: None,
                insert_text: None,
                insert_text_format: None,
                insert_text_mode: None,
                text_edit: None,
                additional_text_edits: None,
                command: None,
                commit_characters: None,
                data: None,
                tags: None,
            },
            CompletionItem {
                label: "@load-plugin",
                label_details: None,
                kind: Some(
                    Keyword,
                ),
                detail: None,
                documentation: None,
                deprecated: None,
                preselect: None,
                sort_text: None,
                filter_text: None,
                insert_text: None,
                insert_text_format: None,
                insert_text_mode: None,
                text_edit: None,
                additional_text_edits: None,
                command: None,
                commit_characters: None,
                data: None,
                tags: None,
            },
            CompletionItem {
                label: "@load-sigs",
                label_details: None,
                kind: Some(
                    Keyword,
                ),
                detail: None,
                documentation: None,
                deprecated: None,
                preselect: None,
                sort_text: None,
                filter_text: None,
                insert_text: None,
                insert_text_format: None,
                insert_text_mode: None,
                text_edit: None,
                additional_text_edits: None,
                command: None,
                commit_characters: None,
                data: None,
                tags: None,
            },
            CompletionItem {
                label: "@pragma",
                label_details: None,
                kind: Some(
                    Keyword,
                ),
                detail: None,
                documentation: None,
                deprecated: None,
                preselect: None,
                sort_text: None,
                filter_text: None,
                insert_text: None,
                insert_text_format: None,
                insert_text_mode: None,
                text_edit: None,
                additional_text_edits: None,
                command: None,
                commit_characters: None,
                data: None,
                tags: None,
            },
            CompletionItem {
                label: "@prefixes",
                label_details: None,
                kind: Some(
                    Keyword,
                ),
                detail: None,
                documentation: None,
                deprecated: None,
                preselect: None,
                sort_text: None,
                filter_text: None,
                insert_text: None,
                insert_text_format: None,
                insert_text_mode: None,
                text_edit: None,
                additional_text_edits: None,
                command: None,
                commit_characters: None,
                data: None,
                tags: None,
            },
            CompletionItem {
                label: "@unload",
                label_details: None,
                kind: Some(
                    Keyword,
                ),
                detail: None,
                documentation: None,
                deprecated: None,
                preselect: None,
                sort_text: None,
                filter_text: None,
                insert_text: None,
                insert_text_format: None,
                insert_text_mode: None,
                text_edit: None,
                additional_text_edits: None,
                command: None,
                commit_characters: None,
                data: None,
                tags: None,
            },
            CompletionItem {
                label: "F",
                label_details: None,
                kind: Some(
                    Keyword,
                ),
                detail: None,
                documentation: None,
                deprecated: None,
                preselect: None,
                sort_text: None,
                filter_text: None,
                insert_text: None,
                insert_text_format: None,
                insert_text_mode: None,
                text_edit: None,
                additional_text_edits: None,
                command: None,
                commit_characters: None,
                data: None,
                tags: None,
            },
            CompletionItem {
                label: "T",
                label_details: None,
                kind: Some(
                    Keyword,
                ),
                detail: None,
                documentation: None,
                deprecated: None,
                preselect: None,
                sort_text: None,
                filter_text: None,
                insert_text: None,
                insert_text_format: None,
                insert_text_mode: None,
                text_edit: None,
                additional_text_edits: None,
                command: None,
                commit_characters: None,
                data: None,
                tags: None,
            },
            CompletionItem {
                label: "[",
                label_details: None,
                kind: Some(
                    Keyword,
                ),
                detail: None,
                documentation: None,
                deprecated: None,
                preselect: None,
                sort_text: None,
                filter_text: None,
                insert_text: None,
                insert_text_format: None,
                insert_text_mode: None,
                text_edit: None,
                additional_text_edits: None,
                command: None,
                commit_characters: None,
                data: None,
                tags: None,
            },
            CompletionItem {
                label: "add",
                label_details: None,
                kind: Some(
                    Keyword,
                ),
                detail: None,
                documentation: None,
                deprecated: None,
                preselect: None,
                sort_text: None,
                filter_text: None,
                insert_text: None,
                insert_text_format: None,
                insert_text_mode: None,
                text_edit: None,
                additional_text_edits: None,
                command: None,
                commit_characters: None,
                data: None,
                tags: None,
            },
            CompletionItem {
                label: "addr",
                label_details: None,
                kind: Some(
                    Keyword,
                ),
                detail: None,
                documentation: None,
                deprecated: None,
                preselect: None,
                sort_text: None,
                filter_text: None,
                insert_text: None,
                insert_text_format: None,
                insert_text_mode: None,
                text_edit: None,
                additional_text_edits: None,
                command: None,
                commit_characters: None,
                data: None,
                tags: None,
            },
            CompletionItem {
                label: "any",
                label_details: None,
                kind: Some(
                    Keyword,
                ),
                detail: None,
                documentation: None,
                deprecated: None,
                preselect: None,
                sort_text: None,
                filter_text: None,
                insert_text: None,
                insert_text_format: None,
                insert_text_mode: None,
                text_edit: None,
                additional_text_edits: None,
                command: None,
                commit_characters: None,
                data: None,
                tags: None,
            },
            CompletionItem {
                label: "assert",
                label_details: None,
                kind: Some(
                    Keyword,
                ),
                detail: None,
                documentation: None,
                deprecated: None,
                preselect: None,
                sort_text: None,
                filter_text: None,
                insert_text: None,
                insert_text_format: None,
                insert_text_mode: None,
                text_edit: None,
                additional_text_edits: None,
                command: None,
                commit_characters: None,
                data: None,
                tags: None,
            },
            CompletionItem {
                label: "bool",
                label_details: None,
                kind: Some(
                    Keyword,
                ),
                detail: None,
                documentation: None,
                deprecated: None,
                preselect: None,
                sort_text: None,
                filter_text: None,
                insert_text: None,
                insert_text_format: None,
                insert_text_mode: None,
                text_edit: None,
                additional_text_edits: None,
                command: None,
                commit_characters: None,
                data: None,
                tags: None,
            },
            CompletionItem {
                label: "break",
                label_details: None,
                kind: Some(
                    Keyword,
                ),
                detail: None,
                documentation: None,
                deprecated: None,
                preselect: None,
                sort_text: None,
                filter_text: None,
                insert_text: None,
                insert_text_format: None,
                insert_text_mode: None,
                text_edit: None,
                additional_text_edits: None,
                command: None,
                commit_characters: None,
                data: None,
                tags: None,
            },
            CompletionItem {
                label: "const",
                label_details: None,
                kind: Some(
                    Keyword,
                ),
                detail: None,
                documentation: None,
                deprecated: None,
                preselect: None,
                sort_text: None,
                filter_text: None,
                insert_text: None,
                insert_text_format: None,
                insert_text_mode: None,
                text_edit: None,
                additional_text_edits: None,
                command: None,
                commit_characters: None,
                data: None,
                tags: None,
            },
            CompletionItem {
                label: "copy",
                label_details: None,
                kind: Some(
                    Keyword,
                ),
                detail: None,
                documentation: None,
                deprecated: None,
                preselect: None,
                sort_text: None,
                filter_text: None,
                insert_text: None,
                insert_text_format: None,
                insert_text_mode: None,
                text_edit: None,
                additional_text_edits: None,
                command: None,
                commit_characters: None,
                data: None,
                tags: None,
            },
            CompletionItem {
                label: "count",
                label_details: None,
                kind: Some(
                    Keyword,
                ),
                detail: None,
                documentation: None,
                deprecated: None,
                preselect: None,
                sort_text: None,
                filter_text: None,
                insert_text: None,
                insert_text_format: None,
                insert_text_mode: None,
                text_edit: None,
                additional_text_edits: None,
                command: None,
                commit_characters: None,
                data: None,
                tags: None,
            },
            CompletionItem {
                label: "delete",
                label_details: None,
                kind: Some(
                    Keyword,
                ),
                detail: None,
                documentation: None,
                deprecated: None,
                preselect: None,
                sort_text: None,
                filter_text: None,
                insert_text: None,
                insert_text_format: None,
                insert_text_mode: None,
                text_edit: None,
                additional_text_edits: None,
                command: None,
                commit_characters: None,
                data: None,
                tags: None,
            },
            CompletionItem {
                label: "double",
                label_details: None,
                kind: Some(
                    Keyword,
                ),
                detail: None,
                documentation: None,
                deprecated: None,
                preselect: None,
                sort_text: None,
                filter_text: None,
                insert_text: None,
                insert_text_format: None,
                insert_text_mode: None,
                text_edit: None,
                additional_text_edits: None,
                command: None,
                commit_characters: None,
                data: None,
                tags: None,
            },
            CompletionItem {
                label: "enum",
                label_details: None,
                kind: Some(
                    Keyword,
                ),
                detail: None,
                documentation: None,
                deprecated: None,
                preselect: None,
                sort_text: None,
                filter_text: None,
                insert_text: None,
                insert_text_format: None,
                insert_text_mode: None,
                text_edit: None,
                additional_text_edits: None,
                command: None,
                commit_characters: None,
                data: None,
                tags: None,
            },
            CompletionItem {
                label: "event",
                label_details: None,
                kind: Some(
                    Keyword,
                ),
                detail: None,
                documentation: None,
                deprecated: None,
                preselect: None,
                sort_text: None,
                filter_text: None,
                insert_text: None,
                insert_text_format: None,
                insert_text_mode: None,
                text_edit: None,
                additional_text_edits: None,
                command: None,
                commit_characters: None,
                data: None,
                tags: None,
            },
            CompletionItem {
                label: "export",
                label_details: None,
                kind: Some(
                    Keyword,
                ),
                detail: None,
                documentation: None,
                deprecated: None,
                preselect: None,
                sort_text: None,
                filter_text: None,
                insert_text: None,
                insert_text_format: None,
                insert_text_mode: None,
                text_edit: None,
                additional_text_edits: None,
                command: None,
                commit_characters: None,
                data: None,
                tags: None,
            },
            CompletionItem {
                label: "fallthrough",
                label_details: None,
                kind: Some(
                    Keyword,
                ),
                detail: None,
                documentation: None,
                deprecated: None,
                preselect: None,
                sort_text: None,
                filter_text: None,
                insert_text: None,
                insert_text_format: None,
                insert_text_mode: None,
                text_edit: None,
                additional_text_edits: None,
                command: None,
                commit_characters: None,
                data: None,
                tags: None,
            },
            CompletionItem {
                label: "file",
                label_details: None,
                kind: Some(
                    Keyword,
                ),
                detail: None,
                documentation: None,
                deprecated: None,
                preselect: None,
                sort_text: None,
                filter_text: None,
                insert_text: None,
                insert_text_format: None,
                insert_text_mode: None,
                text_edit: None,
                additional_text_edits: None,
                command: None,
                commit_characters: None,
                data: None,
                tags: None,
            },
            CompletionItem {
                label: "for",
                label_details: None,
                kind: Some(
                    Keyword,
                ),
                detail: None,
                documentation: None,
                deprecated: None,
                preselect: None,
                sort_text: None,
                filter_text: None,
                insert_text: None,
                insert_text_format: None,
                insert_text_mode: None,
                text_edit: None,
                additional_text_edits: None,
                command: None,
                commit_characters: None,
                data: None,
                tags: None,
            },
            CompletionItem {
                label: "function",
                label_details: None,
                kind: Some(
                    Keyword,
                ),
                detail: None,
                documentation: None,
                deprecated: None,
                preselect: None,
                sort_text: None,
                filter_text: None,
                insert_text: None,
                insert_text_format: None,
                insert_text_mode: None,
                text_edit: None,
                additional_text_edits: None,
                command: None,
                commit_characters: None,
                data: None,
                tags: None,
            },
            CompletionItem {
                label: "global",
                label_details: None,
                kind: Some(
                    Keyword,
                ),
                detail: None,
                documentation: None,
                deprecated: None,
                preselect: None,
                sort_text: None,
                filter_text: None,
                insert_text: None,
                insert_text_format: None,
                insert_text_mode: None,
                text_edit: None,
                additional_text_edits: None,
                command: None,
                commit_characters: None,
                data: None,
                tags: None,
            },
            CompletionItem {
                label: "hook",
                label_details: None,
                kind: Some(
                    Keyword,
                ),
                detail: None,
                documentation: None,
                deprecated: None,
                preselect: None,
                sort_text: None,
                filter_text: None,
                insert_text: None,
                insert_text_format: None,
                insert_text_mode: None,
                text_edit: None,
                additional_text_edits: None,
                command: None,
                commit_characters: None,
                data: None,
                tags: None,
            },
            CompletionItem {
                label: "if",
                label_details: None,
                kind: Some(
                    Keyword,
                ),
                detail: None,
                documentation: None,
                deprecated: None,
                preselect: None,
                sort_text: None,
                filter_text: None,
                insert_text: None,
                insert_text_format: None,
                insert_text_mode: None,
                text_edit: None,
                additional_text_edits: None,
                command: None,
                commit_characters: None,
                data: None,
                tags: None,
            },
            CompletionItem {
                label: "int",
                label_details: None,
                kind: Some(
                    Keyword,
                ),
                detail: None,
                documentation: None,
                deprecated: None,
                preselect: None,
                sort_text: None,
                filter_text: None,
                insert_text: None,
                insert_text_format: None,
                insert_text_mode: None,
                text_edit: None,
                additional_text_edits: None,
                command: None,
                commit_characters: None,
                data: None,
                tags: None,
            },
            CompletionItem {
                label: "interval",
                label_details: None,
                kind: Some(
                    Keyword,
                ),
                detail: None,
                documentation: None,
                deprecated: None,
                preselect: None,
                sort_text: None,
                filter_text: None,
                insert_text: None,
                insert_text_format: None,
                insert_text_mode: None,
                text_edit: None,
                additional_text_edits: None,
                command: None,
                commit_characters: None,
                data: None,
                tags: None,
            },
            CompletionItem {
                label: "list",
                label_details: None,
                kind: Some(
                    Keyword,
                ),
                detail: None,
                documentation: None,
                deprecated: None,
                preselect: None,
                sort_text: None,
                filter_text: None,
                insert_text: None,
                insert_text_format: None,
                insert_text_mode: None,
                text_edit: None,
                additional_text_edits: None,
                command: None,
                commit_characters: None,
                data: None,
                tags: None,
            },
            CompletionItem {
                label: "local",
                label_details: None,
                kind: Some(
                    Keyword,
                ),
                detail: None,
                documentation: None,
                deprecated: None,
                preselect: None,
                sort_text: None,
                filter_text: None,
                insert_text: None,
                insert_text_format: None,
                insert_text_mode: None,
                text_edit: None,
                additional_text_edits: None,
                command: None,
                commit_characters: None,
                data: None,
                tags: None,
            },
            CompletionItem {
                label: "module",
                label_details: None,
                kind: Some(
                    Keyword,
                ),
                detail: None,
                documentation: None,
                deprecated: None,
                preselect: None,
                sort_text: None,
                filter_text: None,
                insert_text: None,
                insert_text_format: None,
                insert_text_mode: None,
                text_edit: None,
                additional_text_edits: None,
                command: None,
                commit_characters: None,
                data: None,
                tags: None,
            },
            CompletionItem {
                label: "myvar",
                label_details: None,
                kind: Some(
                    Variable,
                ),
                detail: None,
                documentation: Some(
                    MarkupContent(
                        MarkupContent {
                            kind: Markdown,
                            value: "```zeek\nglobal myvar: count;\n```",
                        },
                    ),
                ),
                deprecated: None,
                preselect: None,
                sort_text: None,
                filter_text: None,
                insert_text: None,
                insert_text_format: None,
                insert_text_mode: None,
                text_edit: None,
                additional_text_edits: None,
                command: None,
                commit_characters: None,
                data: None,
                tags: None,
            },
            CompletionItem {
                label: "next",
                label_details: None,
                kind: Some(
                    Keyword,
                ),
                detail: None,
                documentation: None,
                deprecated: None,
                preselect: None,
                sort_text: None,
                filter_text: None,
                insert_text: None,
                insert_text_format: None,
                insert_text_mode: None,
                text_edit: None,
                additional_text_edits: None,
                command: None,
                commit_characters: None,
                data: None,
                tags: None,
            },
            CompletionItem {
                label: "opaque",
                label_details: None,
                kind: Some(
                    Keyword,
                ),
                detail: None,
                documentation: None,
                deprecated: None,
                preselect: None,
                sort_text: None,
                filter_text: None,
                insert_text: None,
                insert_text_format: None,
                insert_text_mode: None,
                text_edit: None,
                additional_text_edits: None,
                command: None,
                commit_characters: None,
                data: None,
                tags: None,
            },
            CompletionItem {
                label: "option",
                label_details: None,
                kind: Some(
                    Keyword,
                ),
                detail: None,
                documentation: None,
                deprecated: None,
                preselect: None,
                sort_text: None,
                filter_text: None,
                insert_text: None,
                insert_text_format: None,
                insert_text_mode: None,
                text_edit: None,
                additional_text_edits: None,
                command: None,
                commit_characters: None,
                data: None,
                tags: None,
            },
            CompletionItem {
                label: "pattern",
                label_details: None,
                kind: Some(
                    Keyword,
                ),
                detail: None,
                documentation: None,
                deprecated: None,
                preselect: None,
                sort_text: None,
                filter_text: None,
                insert_text: None,
                insert_text_format: None,
                insert_text_mode: None,
                text_edit: None,
                additional_text_edits: None,
                command: None,
                commit_characters: None,
                data: None,
                tags: None,
            },
            CompletionItem {
                label: "port",
                label_details: None,
                kind: Some(
                    Keyword,
                ),
                detail: None,
                documentation: None,
                deprecated: None,
                preselect: None,
                sort_text: None,
                filter_text: None,
                insert_text: None,
                insert_text_format: None,
                insert_text_mode: None,
                text_edit: None,
                additional_text_edits: None,
                command: None,
                commit_characters: None,
                data: None,
                tags: None,
            },
            CompletionItem {
                label: "print",
                label_details: None,
                kind: Some(
                    Keyword,
                ),
                detail: None,
                documentation: None,
                deprecated: None,
                preselect: None,
                sort_text: None,
                filter_text: None,
                insert_text: None,
                insert_text_format: None,
                insert_text_mode: None,
                text_edit: None,
                additional_text_edits: None,
                command: None,
                commit_characters: None,
                data: None,
                tags: None,
            },
            CompletionItem {
                label: "record",
                label_details: None,
                kind: Some(
                    Keyword,
                ),
                detail: None,
                documentation: None,
                deprecated: None,
                preselect: None,
                sort_text: None,
                filter_text: None,
                insert_text: None,
                insert_text_format: None,
                insert_text_mode: None,
                text_edit: None,
                additional_text_edits: None,
                command: None,
                commit_characters: None,
                data: None,
                tags: None,
            },
            CompletionItem {
                label: "redef",
                label_details: None,
                kind: Some(
                    Keyword,
                ),
                detail: None,
                documentation: None,
                deprecated: None,
                preselect: None,
                sort_text: None,
                filter_text: None,
                insert_text: None,
                insert_text_format: None,
                insert_text_mode: None,
                text_edit: None,
                additional_text_edits: None,
                command: None,
                commit_characters: None,
                data: None,
                tags: None,
            },
            CompletionItem {
                label: "return",
                label_details: None,
                kind: Some(
                    Keyword,
                ),
                detail: None,
                documentation: None,
                deprecated: None,
                preselect: None,
                sort_text: None,
                filter_text: None,
                insert_text: None,
                insert_text_format: None,
                insert_text_mode: None,
                text_edit: None,
                additional_text_edits: None,
                command: None,
                commit_characters: None,
                data: None,
                tags: None,
            },
            CompletionItem {
                label: "schedule",
                label_details: None,
                kind: Some(
                    Keyword,
                ),
                detail: None,
                documentation: None,
                deprecated: None,
                preselect: None,
                sort_text: None,
                filter_text: None,
                insert_text: None,
                insert_text_format: None,
                insert_text_mode: None,
                text_edit: None,
                additional_text_edits: None,
                command: None,
                commit_characters: None,
                data: None,
                tags: None,
            },
            CompletionItem {
                label: "set",
                label_details: None,
                kind: Some(
                    Keyword,
                ),
                detail: None,
                documentation: None,
                deprecated: None,
                preselect: None,
                sort_text: None,
                filter_text: None,
                insert_text: None,
                insert_text_format: None,
                insert_text_mode: None,
                text_edit: None,
                additional_text_edits: None,
                command: None,
                commit_characters: None,
                data: None,
                tags: None,
            },
            CompletionItem {
                label: "string",
                label_details: None,
                kind: Some(
                    Keyword,
                ),
                detail: None,
                documentation: None,
                deprecated: None,
                preselect: None,
                sort_text: None,
                filter_text: None,
                insert_text: None,
                insert_text_format: None,
                insert_text_mode: None,
                text_edit: None,
                additional_text_edits: None,
                command: None,
                commit_characters: None,
                data: None,
                tags: None,
            },
            CompletionItem {
                label: "subnet",
                label_details: None,
                kind: Some(
                    Keyword,
                ),
                detail: None,
                documentation: None,
                deprecated: None,
                preselect: None,
                sort_text: None,
                filter_text: None,
                insert_text: None,
                insert_text_format: None,
                insert_text_mode: None,
                text_edit: None,
                additional_text_edits: None,
                command: None,
                commit_characters: None,
                data: None,
                tags: None,
            },
            CompletionItem {
                label: "switch",
                label_details: None,
                kind: Some(
                    Keyword,
                ),
                detail: None,
                documentation: None,
                deprecated: None,
                preselect: None,
                sort_text: None,
                filter_text: None,
                insert_text: None,
                insert_text_format: None,
                insert_text_mode: None,
                text_edit: None,
                additional_text_edits: None,
                command: None,
                commit_characters: None,
                data: None,
                tags: None,
            },
            CompletionItem {
                label: "table",
                label_details: None,
                kind: Some(
                    Keyword,
                ),
                detail: None,
                documentation: None,
                deprecated: None,
                preselect: None,
                sort_text: None,
                filter_text: None,
                insert_text: None,
                insert_text_format: None,
                insert_text_mode: None,
                text_edit: None,
                additional_text_edits: None,
                command: None,
                commit_characters: None,
                data: None,
                tags: None,
            },
            CompletionItem {
                label: "time",
                label_details: None,
                kind: Some(
                    Keyword,
                ),
                detail: None,
                documentation: None,
                deprecated: None,
                preselect: None,
                sort_text: None,
                filter_text: None,
                insert_text: None,
                insert_text_format: None,
                insert_text_mode: None,
                text_edit: None,
                additional_text_edits: None,
                command: None,
                commit_characters: None,
                data: None,
                tags: None,
            },
            CompletionItem {
                label: "type",
                label_details: None,
                kind: Some(
                    Keyword,
                ),
                detail: None,
                documentation: None,
                deprecated: None,
                preselect: None,
                sort_text: None,
                filter_text: None,
                insert_text: None,
                insert_text_format: None,
                insert_text_mode: None,
                text_edit: None,
                additional_text_edits: None,
                command: None,
                commit_characters: None,
                data: None,
                tags: None,
            },
            CompletionItem {
                label: "union",
                label_details: None,
                kind: Some(
                    Keyword,
                ),
                detail: None,
                documentation: None,
                deprecated: None,
                preselect: None,
                sort_text: None,
                filter_text: None,
                insert_text: None,
                insert_text_format: None,
                insert_text_mode: None,
                text_edit: None,
                additional_text_edits: None,
                command: None,
                commit_characters: None,
                data: None,
                tags: None,
            },
            CompletionItem {
                label: "vector",
                label_details: None,
                kind: Some(
                    Keyword,
                ),
                detail: None,
                documentation: None,
                deprecated: None,
                preselect: None,
                sort_text: None,
                filter_text: None,
                insert_text: None,
                insert_text_format: None,
                insert_text_mode: None,
                text_edit: None,
                additional_text_edits: None,
                command: None,
                commit_characters: None,
                data: None,
                tags: None,
            },
            CompletionItem {
                label: "when",
                label_details: None,
                kind: Some(
                    Keyword,
                ),
                detail: None,
                documentation: None,
                deprecated: None,
                preselect: None,
                sort_text: None,
                filter_text: None,
                insert_text: None,
                insert_text_format: None,
                insert_text_mode: None,
                text_edit: None,
                additional_text_edits: None,
                command: None,
                commit_characters: None,
                data: None,
                tags: None,
            },
            CompletionItem {
                label: "while",
                label_details: None,
                kind: Some(
                    Keyword,
                ),
                detail: None,
                documentation: None,
                deprecated: None,
                preselect: None,
                sort_text: None,
                filter_text: None,
                insert_text: None,
                insert_text_format: None,
                insert_text_mode: None,
                text_edit: None,
                additional_text_edits: None,
                command: None,
                commit_characters: None,
                data: None,
                tags: None,
            },
            CompletionItem {
                label: "zeek_init",
                label_details: None,
                kind: Some(
                    Event,
                ),
                detail: None,
                documentation: Some(
                    MarkupContent(
                        MarkupContent {
                            kind: Markdown,
                            value: "```zeek\nevent zeek_init() {\n\n}\n```",
                        },
                    ),
                ),
                deprecated: None,
                preselect: None,
                sort_text: None,
                filter_text: None,
                insert_text: None,
                insert_text_format: None,
                insert_text_mode: None,
                text_edit: None,
                additional_text_edits: None,
                command: None,
                commit_characters: None,
                data: None,
                tags: None,
            },
            CompletionItem {
                label: "{",
                label_details: None,
                kind: Some(
                    Keyword,
                ),
                detail: None,
                documentation: None,
                deprecated: None,
                preselect: None,
                sort_text: None,
                filter_text: None,
                insert_text: None,
                insert_text_format: None,
                insert_text_mode: None,
                text_edit: None,
                additional_text_edits: None,
                command: None,
                commit_characters: None,
                data: None,
                tags: None,
            },
            CompletionItem {
                label: "|",
                label_details: None,
                kind: Some(
                    Keyword,
                ),
                detail: None,
                documentation: None,
                deprecated: None,
                preselect: None,
                sort_text: None,
                filter_text: None,
                insert_text: None,
                insert_text_format: None,
                insert_text_mode: None,
                text_edit: None,
                additional_text_edits: None,
                command: None,
                commit_characters: None,
                data: None,
                tags: None,
            },
            CompletionItem {
                label: "}",
                label_details: None,
                kind: Some(
                    Keyword,
                ),
                detail: None,
                documentation: None,
                deprecated: None,
                preselect: None,
                sort_text: None,
                filter_text: None,
                insert_text: None,
                insert_text_format: None,
                insert_text_mode: None,
                text_edit: None,
                additional_text_edits: None,
                command: None,
                commit_characters: None,
                data: None,
                tags: None,
            },
            CompletionItem {
                label: "~",
                label_details: None,
                kind: Some(
                    Keyword,
                ),
                detail: None,
                documentation: None,
                deprecated: None,
                preselect: None,
                sort_text: None,
                filter_text: None,
                insert_text: None,
                insert_text_format: None,
                insert_text_mode: None,
                text_edit: None,
                additional_text_edits: None,
                command: None,
                commit_characters: None,
                data: None,
                tags: None,
            },
        ],
    ),
)
