---
source: src/lsp.rs
expression: "server.references(ReferenceParams\n{\n    text_document_position:\n    TextDocumentPositionParams::new(TextDocumentIdentifier::new((*uri).clone()),\n    Position::new(7, 6),), work_done_progress_params:\n    WorkDoneProgressParams::default(), partial_result_params:\n    PartialResultParams::default(), context: ReferenceContext\n    { include_declaration: true, },\n}).await"
---
Ok(
    Some(
        [
            Location {
                uri: Uri(
                    Uri {
                        scheme: Some(
                            "file",
                        ),
                        authority: Some(
                            Authority {
                                userinfo: None,
                                host: Host {
                                    text: "",
                                    data: RegName(
                                        "",
                                    ),
                                },
                                port: None,
                            },
                        ),
                        path: "/x.zeek",
                        query: None,
                        fragment: None,
                    },
                ),
                range: Range {
                    start: Position {
                        line: 7,
                        character: 6,
                    },
                    end: Position {
                        line: 7,
                        character: 7,
                    },
                },
            },
        ],
    ),
)
