---
source: src/ast.rs
expression: "db.resolve(NodeLocation::from_node(uri.clone(), i2))"
---
Some(
    Decl {
        module: None,
        id: "i",
        fqid: "i",
        kind: Index(
            Loop(
                0,
            ),
            "vector(1, 2, 3)",
        ),
        is_export: None,
        loc: Some(
            Location {
                range: Range {
                    start: Position {
                        line: 1,
                        character: 5,
                    },
                    end: Position {
                        line: 1,
                        character: 6,
                    },
                },
                selection_range: Range {
                    start: Position {
                        line: 1,
                        character: 5,
                    },
                    end: Position {
                        line: 1,
                        character: 6,
                    },
                },
                uri: Url {
                    scheme: "file",
                    cannot_be_a_base: false,
                    username: "",
                    password: None,
                    host: None,
                    port: None,
                    path: "/x.zeek",
                    query: None,
                    fragment: None,
                },
            },
        ),
        documentation: "Index 0 of `vector(1, 2, 3)`",
    },
)
