---
source: src/ast.rs
expression: "db.resolve(NodeLocation::from_node(uri, node))"
---
Some(
    Decl {
        module: None,
        id: "x",
        fqid: "x",
        kind: Global,
        is_export: Some(
            false,
        ),
        loc: Some(
            Location {
                range: Range {
                    start: Position {
                        line: 0,
                        character: 0,
                    },
                    end: Position {
                        line: 0,
                        character: 15,
                    },
                },
                selection_range: Range {
                    start: Position {
                        line: 0,
                        character: 7,
                    },
                    end: Position {
                        line: 0,
                        character: 8,
                    },
                },
                uri: Uri(
                    Uri {
                        scheme: "file",
                        authority: Some(
                            Authority {
                                userinfo: None,
                                host: "",
                                host_parsed: RegName(
                                    "",
                                ),
                                port: None,
                            },
                        ),
                        path: "/x.zeek",
                        query: None,
                        fragment: None,
                    },
                ),
            },
        ),
        documentation: "```zeek\nglobal x = 123;\n```",
    },
)
