---
source: src/lsp.rs
expression: "server.hover(HoverParams\n{\n    text_document_position_params:\n    TextDocumentPositionParams::new(TextDocumentIdentifier::new(uri),\n    Position::new(3, 18),), work_done_progress_params:\n    WorkDoneProgressParams::default(),\n}).await"
---
Ok(
    Some(
        Hover {
            contents: Array(
                [
                    String(
                        "```zeek\nfunction foo() {}\n```",
                    ),
                ],
            ),
            range: Some(
                Range {
                    start: Position {
                        line: 3,
                        character: 14,
                    },
                    end: Position {
                        line: 3,
                        character: 22,
                    },
                },
            ),
        },
    ),
)
