---
source: src/ast.rs
expression: "crate::ast::resolve(&db.0,\nNodeLocation::from_node(crate::uri_db(&db.0, Arc::clone(&a)), node))"
---
Some(
    Decl {
        module: String(
            u!("b"),
        ),
        id: u!("VAL"),
        fqid: u!("b::VAL"),
        kind: Global,
        is_export: Some(
            true,
        ),
        loc: Some(
            Location {
                range: Range {
                    start: Position {
                        line: 0,
                        character: 19,
                    },
                    end: Position {
                        line: 0,
                        character: 37,
                    },
                },
                selection_range: Range {
                    start: Position {
                        line: 0,
                        character: 26,
                    },
                    end: Position {
                        line: 0,
                        character: 29,
                    },
                },
                uri: InternedUri(Id(_)),
            },
        ),
        documentation: u!("```zeek\nglobal VAL: count;\n```"),
    },
)
