---
source: src/lsp.rs
expression: result
---
[
    CompletionItem {
        label: "&add_func",
        kind: Some(
            Keyword,
        ),
        detail: None,
        documentation: None,
        deprecated: None,
        preselect: None,
        sort_text: None,
        filter_text: None,
        insert_text: None,
        insert_text_format: None,
        insert_text_mode: None,
        text_edit: None,
        additional_text_edits: None,
        command: None,
        commit_characters: None,
        data: None,
        tags: None,
    },
    CompletionItem {
        label: "&backend",
        kind: Some(
            Keyword,
        ),
        detail: None,
        documentation: None,
        deprecated: None,
        preselect: None,
        sort_text: None,
        filter_text: None,
        insert_text: None,
        insert_text_format: None,
        insert_text_mode: None,
        text_edit: None,
        additional_text_edits: None,
        command: None,
        commit_characters: None,
        data: None,
        tags: None,
    },
    CompletionItem {
        label: "&broker_store",
        kind: Some(
            Keyword,
        ),
        detail: None,
        documentation: None,
        deprecated: None,
        preselect: None,
        sort_text: None,
        filter_text: None,
        insert_text: None,
        insert_text_format: None,
        insert_text_mode: None,
        text_edit: None,
        additional_text_edits: None,
        command: None,
        commit_characters: None,
        data: None,
        tags: None,
    },
    CompletionItem {
        label: "&create_expire",
        kind: Some(
            Keyword,
        ),
        detail: None,
        documentation: None,
        deprecated: None,
        preselect: None,
        sort_text: None,
        filter_text: None,
        insert_text: None,
        insert_text_format: None,
        insert_text_mode: None,
        text_edit: None,
        additional_text_edits: None,
        command: None,
        commit_characters: None,
        data: None,
        tags: None,
    },
    CompletionItem {
        label: "&default",
        kind: Some(
            Keyword,
        ),
        detail: None,
        documentation: None,
        deprecated: None,
        preselect: None,
        sort_text: None,
        filter_text: None,
        insert_text: None,
        insert_text_format: None,
        insert_text_mode: None,
        text_edit: None,
        additional_text_edits: None,
        command: None,
        commit_characters: None,
        data: None,
        tags: None,
    },
    CompletionItem {
        label: "&delete_func",
        kind: Some(
            Keyword,
        ),
        detail: None,
        documentation: None,
        deprecated: None,
        preselect: None,
        sort_text: None,
        filter_text: None,
        insert_text: None,
        insert_text_format: None,
        insert_text_mode: None,
        text_edit: None,
        additional_text_edits: None,
        command: None,
        commit_characters: None,
        data: None,
        tags: None,
    },
    CompletionItem {
        label: "&deprecated",
        kind: Some(
            Keyword,
        ),
        detail: None,
        documentation: None,
        deprecated: None,
        preselect: None,
        sort_text: None,
        filter_text: None,
        insert_text: None,
        insert_text_format: None,
        insert_text_mode: None,
        text_edit: None,
        additional_text_edits: None,
        command: None,
        commit_characters: None,
        data: None,
        tags: None,
    },
    CompletionItem {
        label: "&error_handler",
        kind: Some(
            Keyword,
        ),
        detail: None,
        documentation: None,
        deprecated: None,
        preselect: None,
        sort_text: None,
        filter_text: None,
        insert_text: None,
        insert_text_format: None,
        insert_text_mode: None,
        text_edit: None,
        additional_text_edits: None,
        command: None,
        commit_characters: None,
        data: None,
        tags: None,
    },
    CompletionItem {
        label: "&expire_func",
        kind: Some(
            Keyword,
        ),
        detail: None,
        documentation: None,
        deprecated: None,
        preselect: None,
        sort_text: None,
        filter_text: None,
        insert_text: None,
        insert_text_format: None,
        insert_text_mode: None,
        text_edit: None,
        additional_text_edits: None,
        command: None,
        commit_characters: None,
        data: None,
        tags: None,
    },
    CompletionItem {
        label: "&is_assigned",
        kind: Some(
            Keyword,
        ),
        detail: None,
        documentation: None,
        deprecated: None,
        preselect: None,
        sort_text: None,
        filter_text: None,
        insert_text: None,
        insert_text_format: None,
        insert_text_mode: None,
        text_edit: None,
        additional_text_edits: None,
        command: None,
        commit_characters: None,
        data: None,
        tags: None,
    },
    CompletionItem {
        label: "&is_used",
        kind: Some(
            Keyword,
        ),
        detail: None,
        documentation: None,
        deprecated: None,
        preselect: None,
        sort_text: None,
        filter_text: None,
        insert_text: None,
        insert_text_format: None,
        insert_text_mode: None,
        text_edit: None,
        additional_text_edits: None,
        command: None,
        commit_characters: None,
        data: None,
        tags: None,
    },
    CompletionItem {
        label: "&log",
        kind: Some(
            Keyword,
        ),
        detail: None,
        documentation: None,
        deprecated: None,
        preselect: None,
        sort_text: None,
        filter_text: None,
        insert_text: None,
        insert_text_format: None,
        insert_text_mode: None,
        text_edit: None,
        additional_text_edits: None,
        command: None,
        commit_characters: None,
        data: None,
        tags: None,
    },
    CompletionItem {
        label: "&on_change",
        kind: Some(
            Keyword,
        ),
        detail: None,
        documentation: None,
        deprecated: None,
        preselect: None,
        sort_text: None,
        filter_text: None,
        insert_text: None,
        insert_text_format: None,
        insert_text_mode: None,
        text_edit: None,
        additional_text_edits: None,
        command: None,
        commit_characters: None,
        data: None,
        tags: None,
    },
    CompletionItem {
        label: "&optional",
        kind: Some(
            Keyword,
        ),
        detail: None,
        documentation: None,
        deprecated: None,
        preselect: None,
        sort_text: None,
        filter_text: None,
        insert_text: None,
        insert_text_format: None,
        insert_text_mode: None,
        text_edit: None,
        additional_text_edits: None,
        command: None,
        commit_characters: None,
        data: None,
        tags: None,
    },
    CompletionItem {
        label: "&priority",
        kind: Some(
            Keyword,
        ),
        detail: None,
        documentation: None,
        deprecated: None,
        preselect: None,
        sort_text: None,
        filter_text: None,
        insert_text: None,
        insert_text_format: None,
        insert_text_mode: None,
        text_edit: None,
        additional_text_edits: None,
        command: None,
        commit_characters: None,
        data: None,
        tags: None,
    },
    CompletionItem {
        label: "&raw_output",
        kind: Some(
            Keyword,
        ),
        detail: None,
        documentation: None,
        deprecated: None,
        preselect: None,
        sort_text: None,
        filter_text: None,
        insert_text: None,
        insert_text_format: None,
        insert_text_mode: None,
        text_edit: None,
        additional_text_edits: None,
        command: None,
        commit_characters: None,
        data: None,
        tags: None,
    },
    CompletionItem {
        label: "&read_expire",
        kind: Some(
            Keyword,
        ),
        detail: None,
        documentation: None,
        deprecated: None,
        preselect: None,
        sort_text: None,
        filter_text: None,
        insert_text: None,
        insert_text_format: None,
        insert_text_mode: None,
        text_edit: None,
        additional_text_edits: None,
        command: None,
        commit_characters: None,
        data: None,
        tags: None,
    },
    CompletionItem {
        label: "&redef",
        kind: Some(
            Keyword,
        ),
        detail: None,
        documentation: None,
        deprecated: None,
        preselect: None,
        sort_text: None,
        filter_text: None,
        insert_text: None,
        insert_text_format: None,
        insert_text_mode: None,
        text_edit: None,
        additional_text_edits: None,
        command: None,
        commit_characters: None,
        data: None,
        tags: None,
    },
    CompletionItem {
        label: "&type_column",
        kind: Some(
            Keyword,
        ),
        detail: None,
        documentation: None,
        deprecated: None,
        preselect: None,
        sort_text: None,
        filter_text: None,
        insert_text: None,
        insert_text_format: None,
        insert_text_mode: None,
        text_edit: None,
        additional_text_edits: None,
        command: None,
        commit_characters: None,
        data: None,
        tags: None,
    },
    CompletionItem {
        label: "&write_expire",
        kind: Some(
            Keyword,
        ),
        detail: None,
        documentation: None,
        deprecated: None,
        preselect: None,
        sort_text: None,
        filter_text: None,
        insert_text: None,
        insert_text_format: None,
        insert_text_mode: None,
        text_edit: None,
        additional_text_edits: None,
        command: None,
        commit_characters: None,
        data: None,
        tags: None,
    },
    CompletionItem {
        label: "@deprecated",
        kind: Some(
            Keyword,
        ),
        detail: None,
        documentation: None,
        deprecated: None,
        preselect: None,
        sort_text: None,
        filter_text: None,
        insert_text: None,
        insert_text_format: None,
        insert_text_mode: None,
        text_edit: None,
        additional_text_edits: None,
        command: None,
        commit_characters: None,
        data: None,
        tags: None,
    },
    CompletionItem {
        label: "@else",
        kind: Some(
            Keyword,
        ),
        detail: None,
        documentation: None,
        deprecated: None,
        preselect: None,
        sort_text: None,
        filter_text: None,
        insert_text: None,
        insert_text_format: None,
        insert_text_mode: None,
        text_edit: None,
        additional_text_edits: None,
        command: None,
        commit_characters: None,
        data: None,
        tags: None,
    },
    CompletionItem {
        label: "@endif",
        kind: Some(
            Keyword,
        ),
        detail: None,
        documentation: None,
        deprecated: None,
        preselect: None,
        sort_text: None,
        filter_text: None,
        insert_text: None,
        insert_text_format: None,
        insert_text_mode: None,
        text_edit: None,
        additional_text_edits: None,
        command: None,
        commit_characters: None,
        data: None,
        tags: None,
    },
    CompletionItem {
        label: "@if",
        kind: Some(
            Keyword,
        ),
        detail: None,
        documentation: None,
        deprecated: None,
        preselect: None,
        sort_text: None,
        filter_text: None,
        insert_text: None,
        insert_text_format: None,
        insert_text_mode: None,
        text_edit: None,
        additional_text_edits: None,
        command: None,
        commit_characters: None,
        data: None,
        tags: None,
    },
    CompletionItem {
        label: "@ifdef",
        kind: Some(
            Keyword,
        ),
        detail: None,
        documentation: None,
        deprecated: None,
        preselect: None,
        sort_text: None,
        filter_text: None,
        insert_text: None,
        insert_text_format: None,
        insert_text_mode: None,
        text_edit: None,
        additional_text_edits: None,
        command: None,
        commit_characters: None,
        data: None,
        tags: None,
    },
    CompletionItem {
        label: "@ifndef",
        kind: Some(
            Keyword,
        ),
        detail: None,
        documentation: None,
        deprecated: None,
        preselect: None,
        sort_text: None,
        filter_text: None,
        insert_text: None,
        insert_text_format: None,
        insert_text_mode: None,
        text_edit: None,
        additional_text_edits: None,
        command: None,
        commit_characters: None,
        data: None,
        tags: None,
    },
    CompletionItem {
        label: "@load",
        kind: Some(
            Keyword,
        ),
        detail: None,
        documentation: None,
        deprecated: None,
        preselect: None,
        sort_text: None,
        filter_text: None,
        insert_text: None,
        insert_text_format: None,
        insert_text_mode: None,
        text_edit: None,
        additional_text_edits: None,
        command: None,
        commit_characters: None,
        data: None,
        tags: None,
    },
    CompletionItem {
        label: "@load-sigs",
        kind: Some(
            Keyword,
        ),
        detail: None,
        documentation: None,
        deprecated: None,
        preselect: None,
        sort_text: None,
        filter_text: None,
        insert_text: None,
        insert_text_format: None,
        insert_text_mode: None,
        text_edit: None,
        additional_text_edits: None,
        command: None,
        commit_characters: None,
        data: None,
        tags: None,
    },
    CompletionItem {
        label: "@prefixes",
        kind: Some(
            Keyword,
        ),
        detail: None,
        documentation: None,
        deprecated: None,
        preselect: None,
        sort_text: None,
        filter_text: None,
        insert_text: None,
        insert_text_format: None,
        insert_text_mode: None,
        text_edit: None,
        additional_text_edits: None,
        command: None,
        commit_characters: None,
        data: None,
        tags: None,
    },
    CompletionItem {
        label: "X",
        kind: Some(
            Variable,
        ),
        detail: None,
        documentation: Some(
            MarkupContent(
                MarkupContent {
                    kind: Markdown,
                    value: "```zeek\nglobal X = 3;\n```",
                },
            ),
        ),
        deprecated: None,
        preselect: None,
        sort_text: None,
        filter_text: None,
        insert_text: None,
        insert_text_format: None,
        insert_text_mode: None,
        text_edit: None,
        additional_text_edits: None,
        command: None,
        commit_characters: None,
        data: None,
        tags: None,
    },
    CompletionItem {
        label: "Y",
        kind: Some(
            Variable,
        ),
        detail: None,
        documentation: Some(
            MarkupContent(
                MarkupContent {
                    kind: Markdown,
                    value: "```zeek\nglobal GLOBAL::Y = 3;\n```",
                },
            ),
        ),
        deprecated: None,
        preselect: None,
        sort_text: None,
        filter_text: None,
        insert_text: None,
        insert_text_format: None,
        insert_text_mode: None,
        text_edit: None,
        additional_text_edits: None,
        command: None,
        commit_characters: None,
        data: None,
        tags: None,
    },
    CompletionItem {
        label: "Z",
        kind: Some(
            Variable,
        ),
        detail: None,
        documentation: Some(
            MarkupContent(
                MarkupContent {
                    kind: Markdown,
                    value: "```zeek\nglobal mod_x::Z = 3;\n```",
                },
            ),
        ),
        deprecated: None,
        preselect: None,
        sort_text: None,
        filter_text: None,
        insert_text: None,
        insert_text_format: None,
        insert_text_mode: None,
        text_edit: None,
        additional_text_edits: None,
        command: None,
        commit_characters: None,
        data: None,
        tags: None,
    },
    CompletionItem {
        label: "add",
        kind: Some(
            Keyword,
        ),
        detail: None,
        documentation: None,
        deprecated: None,
        preselect: None,
        sort_text: None,
        filter_text: None,
        insert_text: None,
        insert_text_format: None,
        insert_text_mode: None,
        text_edit: None,
        additional_text_edits: None,
        command: None,
        commit_characters: None,
        data: None,
        tags: None,
    },
    CompletionItem {
        label: "addr",
        kind: Some(
            Keyword,
        ),
        detail: None,
        documentation: None,
        deprecated: None,
        preselect: None,
        sort_text: None,
        filter_text: None,
        insert_text: None,
        insert_text_format: None,
        insert_text_mode: None,
        text_edit: None,
        additional_text_edits: None,
        command: None,
        commit_characters: None,
        data: None,
        tags: None,
    },
    CompletionItem {
        label: "any",
        kind: Some(
            Keyword,
        ),
        detail: None,
        documentation: None,
        deprecated: None,
        preselect: None,
        sort_text: None,
        filter_text: None,
        insert_text: None,
        insert_text_format: None,
        insert_text_mode: None,
        text_edit: None,
        additional_text_edits: None,
        command: None,
        commit_characters: None,
        data: None,
        tags: None,
    },
    CompletionItem {
        label: "as",
        kind: Some(
            Keyword,
        ),
        detail: None,
        documentation: None,
        deprecated: None,
        preselect: None,
        sort_text: None,
        filter_text: None,
        insert_text: None,
        insert_text_format: None,
        insert_text_mode: None,
        text_edit: None,
        additional_text_edits: None,
        command: None,
        commit_characters: None,
        data: None,
        tags: None,
    },
    CompletionItem {
        label: "bool",
        kind: Some(
            Keyword,
        ),
        detail: None,
        documentation: None,
        deprecated: None,
        preselect: None,
        sort_text: None,
        filter_text: None,
        insert_text: None,
        insert_text_format: None,
        insert_text_mode: None,
        text_edit: None,
        additional_text_edits: None,
        command: None,
        commit_characters: None,
        data: None,
        tags: None,
    },
    CompletionItem {
        label: "break",
        kind: Some(
            Keyword,
        ),
        detail: None,
        documentation: None,
        deprecated: None,
        preselect: None,
        sort_text: None,
        filter_text: None,
        insert_text: None,
        insert_text_format: None,
        insert_text_mode: None,
        text_edit: None,
        additional_text_edits: None,
        command: None,
        commit_characters: None,
        data: None,
        tags: None,
    },
    CompletionItem {
        label: "case",
        kind: Some(
            Keyword,
        ),
        detail: None,
        documentation: None,
        deprecated: None,
        preselect: None,
        sort_text: None,
        filter_text: None,
        insert_text: None,
        insert_text_format: None,
        insert_text_mode: None,
        text_edit: None,
        additional_text_edits: None,
        command: None,
        commit_characters: None,
        data: None,
        tags: None,
    },
    CompletionItem {
        label: "const",
        kind: Some(
            Keyword,
        ),
        detail: None,
        documentation: None,
        deprecated: None,
        preselect: None,
        sort_text: None,
        filter_text: None,
        insert_text: None,
        insert_text_format: None,
        insert_text_mode: None,
        text_edit: None,
        additional_text_edits: None,
        command: None,
        commit_characters: None,
        data: None,
        tags: None,
    },
    CompletionItem {
        label: "copy",
        kind: Some(
            Keyword,
        ),
        detail: None,
        documentation: None,
        deprecated: None,
        preselect: None,
        sort_text: None,
        filter_text: None,
        insert_text: None,
        insert_text_format: None,
        insert_text_mode: None,
        text_edit: None,
        additional_text_edits: None,
        command: None,
        commit_characters: None,
        data: None,
        tags: None,
    },
    CompletionItem {
        label: "count",
        kind: Some(
            Keyword,
        ),
        detail: None,
        documentation: None,
        deprecated: None,
        preselect: None,
        sort_text: None,
        filter_text: None,
        insert_text: None,
        insert_text_format: None,
        insert_text_mode: None,
        text_edit: None,
        additional_text_edits: None,
        command: None,
        commit_characters: None,
        data: None,
        tags: None,
    },
    CompletionItem {
        label: "default",
        kind: Some(
            Keyword,
        ),
        detail: None,
        documentation: None,
        deprecated: None,
        preselect: None,
        sort_text: None,
        filter_text: None,
        insert_text: None,
        insert_text_format: None,
        insert_text_mode: None,
        text_edit: None,
        additional_text_edits: None,
        command: None,
        commit_characters: None,
        data: None,
        tags: None,
    },
    CompletionItem {
        label: "delete",
        kind: Some(
            Keyword,
        ),
        detail: None,
        documentation: None,
        deprecated: None,
        preselect: None,
        sort_text: None,
        filter_text: None,
        insert_text: None,
        insert_text_format: None,
        insert_text_mode: None,
        text_edit: None,
        additional_text_edits: None,
        command: None,
        commit_characters: None,
        data: None,
        tags: None,
    },
    CompletionItem {
        label: "double",
        kind: Some(
            Keyword,
        ),
        detail: None,
        documentation: None,
        deprecated: None,
        preselect: None,
        sort_text: None,
        filter_text: None,
        insert_text: None,
        insert_text_format: None,
        insert_text_mode: None,
        text_edit: None,
        additional_text_edits: None,
        command: None,
        commit_characters: None,
        data: None,
        tags: None,
    },
    CompletionItem {
        label: "else",
        kind: Some(
            Keyword,
        ),
        detail: None,
        documentation: None,
        deprecated: None,
        preselect: None,
        sort_text: None,
        filter_text: None,
        insert_text: None,
        insert_text_format: None,
        insert_text_mode: None,
        text_edit: None,
        additional_text_edits: None,
        command: None,
        commit_characters: None,
        data: None,
        tags: None,
    },
    CompletionItem {
        label: "enum",
        kind: Some(
            Keyword,
        ),
        detail: None,
        documentation: None,
        deprecated: None,
        preselect: None,
        sort_text: None,
        filter_text: None,
        insert_text: None,
        insert_text_format: None,
        insert_text_mode: None,
        text_edit: None,
        additional_text_edits: None,
        command: None,
        commit_characters: None,
        data: None,
        tags: None,
    },
    CompletionItem {
        label: "event",
        kind: Some(
            Keyword,
        ),
        detail: None,
        documentation: None,
        deprecated: None,
        preselect: None,
        sort_text: None,
        filter_text: None,
        insert_text: None,
        insert_text_format: None,
        insert_text_mode: None,
        text_edit: None,
        additional_text_edits: None,
        command: None,
        commit_characters: None,
        data: None,
        tags: None,
    },
    CompletionItem {
        label: "export",
        kind: Some(
            Keyword,
        ),
        detail: None,
        documentation: None,
        deprecated: None,
        preselect: None,
        sort_text: None,
        filter_text: None,
        insert_text: None,
        insert_text_format: None,
        insert_text_mode: None,
        text_edit: None,
        additional_text_edits: None,
        command: None,
        commit_characters: None,
        data: None,
        tags: None,
    },
    CompletionItem {
        label: "fallthrough",
        kind: Some(
            Keyword,
        ),
        detail: None,
        documentation: None,
        deprecated: None,
        preselect: None,
        sort_text: None,
        filter_text: None,
        insert_text: None,
        insert_text_format: None,
        insert_text_mode: None,
        text_edit: None,
        additional_text_edits: None,
        command: None,
        commit_characters: None,
        data: None,
        tags: None,
    },
    CompletionItem {
        label: "file",
        kind: Some(
            Keyword,
        ),
        detail: None,
        documentation: None,
        deprecated: None,
        preselect: None,
        sort_text: None,
        filter_text: None,
        insert_text: None,
        insert_text_format: None,
        insert_text_mode: None,
        text_edit: None,
        additional_text_edits: None,
        command: None,
        commit_characters: None,
        data: None,
        tags: None,
    },
    CompletionItem {
        label: "for",
        kind: Some(
            Keyword,
        ),
        detail: None,
        documentation: None,
        deprecated: None,
        preselect: None,
        sort_text: None,
        filter_text: None,
        insert_text: None,
        insert_text_format: None,
        insert_text_mode: None,
        text_edit: None,
        additional_text_edits: None,
        command: None,
        commit_characters: None,
        data: None,
        tags: None,
    },
    CompletionItem {
        label: "function",
        kind: Some(
            Keyword,
        ),
        detail: None,
        documentation: None,
        deprecated: None,
        preselect: None,
        sort_text: None,
        filter_text: None,
        insert_text: None,
        insert_text_format: None,
        insert_text_mode: None,
        text_edit: None,
        additional_text_edits: None,
        command: None,
        commit_characters: None,
        data: None,
        tags: None,
    },
    CompletionItem {
        label: "global",
        kind: Some(
            Keyword,
        ),
        detail: None,
        documentation: None,
        deprecated: None,
        preselect: None,
        sort_text: None,
        filter_text: None,
        insert_text: None,
        insert_text_format: None,
        insert_text_mode: None,
        text_edit: None,
        additional_text_edits: None,
        command: None,
        commit_characters: None,
        data: None,
        tags: None,
    },
    CompletionItem {
        label: "hook",
        kind: Some(
            Keyword,
        ),
        detail: None,
        documentation: None,
        deprecated: None,
        preselect: None,
        sort_text: None,
        filter_text: None,
        insert_text: None,
        insert_text_format: None,
        insert_text_mode: None,
        text_edit: None,
        additional_text_edits: None,
        command: None,
        commit_characters: None,
        data: None,
        tags: None,
    },
    CompletionItem {
        label: "if",
        kind: Some(
            Keyword,
        ),
        detail: None,
        documentation: None,
        deprecated: None,
        preselect: None,
        sort_text: None,
        filter_text: None,
        insert_text: None,
        insert_text_format: None,
        insert_text_mode: None,
        text_edit: None,
        additional_text_edits: None,
        command: None,
        commit_characters: None,
        data: None,
        tags: None,
    },
    CompletionItem {
        label: "in",
        kind: Some(
            Keyword,
        ),
        detail: None,
        documentation: None,
        deprecated: None,
        preselect: None,
        sort_text: None,
        filter_text: None,
        insert_text: None,
        insert_text_format: None,
        insert_text_mode: None,
        text_edit: None,
        additional_text_edits: None,
        command: None,
        commit_characters: None,
        data: None,
        tags: None,
    },
    CompletionItem {
        label: "int",
        kind: Some(
            Keyword,
        ),
        detail: None,
        documentation: None,
        deprecated: None,
        preselect: None,
        sort_text: None,
        filter_text: None,
        insert_text: None,
        insert_text_format: None,
        insert_text_mode: None,
        text_edit: None,
        additional_text_edits: None,
        command: None,
        commit_characters: None,
        data: None,
        tags: None,
    },
    CompletionItem {
        label: "interval",
        kind: Some(
            Keyword,
        ),
        detail: None,
        documentation: None,
        deprecated: None,
        preselect: None,
        sort_text: None,
        filter_text: None,
        insert_text: None,
        insert_text_format: None,
        insert_text_mode: None,
        text_edit: None,
        additional_text_edits: None,
        command: None,
        commit_characters: None,
        data: None,
        tags: None,
    },
    CompletionItem {
        label: "is",
        kind: Some(
            Keyword,
        ),
        detail: None,
        documentation: None,
        deprecated: None,
        preselect: None,
        sort_text: None,
        filter_text: None,
        insert_text: None,
        insert_text_format: None,
        insert_text_mode: None,
        text_edit: None,
        additional_text_edits: None,
        command: None,
        commit_characters: None,
        data: None,
        tags: None,
    },
    CompletionItem {
        label: "list",
        kind: Some(
            Keyword,
        ),
        detail: None,
        documentation: None,
        deprecated: None,
        preselect: None,
        sort_text: None,
        filter_text: None,
        insert_text: None,
        insert_text_format: None,
        insert_text_mode: None,
        text_edit: None,
        additional_text_edits: None,
        command: None,
        commit_characters: None,
        data: None,
        tags: None,
    },
    CompletionItem {
        label: "local",
        kind: Some(
            Keyword,
        ),
        detail: None,
        documentation: None,
        deprecated: None,
        preselect: None,
        sort_text: None,
        filter_text: None,
        insert_text: None,
        insert_text_format: None,
        insert_text_mode: None,
        text_edit: None,
        additional_text_edits: None,
        command: None,
        commit_characters: None,
        data: None,
        tags: None,
    },
    CompletionItem {
        label: "mod_a::A",
        kind: Some(
            Variable,
        ),
        detail: None,
        documentation: Some(
            MarkupContent(
                MarkupContent {
                    kind: Markdown,
                    value: "```zeek\nglobal A = 1;\n```",
                },
            ),
        ),
        deprecated: None,
        preselect: None,
        sort_text: None,
        filter_text: None,
        insert_text: None,
        insert_text_format: None,
        insert_text_mode: None,
        text_edit: None,
        additional_text_edits: None,
        command: None,
        commit_characters: None,
        data: None,
        tags: None,
    },
    CompletionItem {
        label: "mod_b::B",
        kind: Some(
            Variable,
        ),
        detail: None,
        documentation: Some(
            MarkupContent(
                MarkupContent {
                    kind: Markdown,
                    value: "```zeek\nglobal B = 2;\n```",
                },
            ),
        ),
        deprecated: None,
        preselect: None,
        sort_text: None,
        filter_text: None,
        insert_text: None,
        insert_text_format: None,
        insert_text_mode: None,
        text_edit: None,
        additional_text_edits: None,
        command: None,
        commit_characters: None,
        data: None,
        tags: None,
    },
    CompletionItem {
        label: "mod_x::X",
        kind: Some(
            Variable,
        ),
        detail: None,
        documentation: Some(
            MarkupContent(
                MarkupContent {
                    kind: Markdown,
                    value: "```zeek\nglobal X = 3;\n```",
                },
            ),
        ),
        deprecated: None,
        preselect: None,
        sort_text: None,
        filter_text: None,
        insert_text: None,
        insert_text_format: None,
        insert_text_mode: None,
        text_edit: None,
        additional_text_edits: None,
        command: None,
        commit_characters: None,
        data: None,
        tags: None,
    },
    CompletionItem {
        label: "mod_x::Z",
        kind: Some(
            Variable,
        ),
        detail: None,
        documentation: Some(
            MarkupContent(
                MarkupContent {
                    kind: Markdown,
                    value: "```zeek\nglobal mod_x::Z = 3;\n```",
                },
            ),
        ),
        deprecated: None,
        preselect: None,
        sort_text: None,
        filter_text: None,
        insert_text: None,
        insert_text_format: None,
        insert_text_mode: None,
        text_edit: None,
        additional_text_edits: None,
        command: None,
        commit_characters: None,
        data: None,
        tags: None,
    },
    CompletionItem {
        label: "module",
        kind: Some(
            Keyword,
        ),
        detail: None,
        documentation: None,
        deprecated: None,
        preselect: None,
        sort_text: None,
        filter_text: None,
        insert_text: None,
        insert_text_format: None,
        insert_text_mode: None,
        text_edit: None,
        additional_text_edits: None,
        command: None,
        commit_characters: None,
        data: None,
        tags: None,
    },
    CompletionItem {
        label: "next",
        kind: Some(
            Keyword,
        ),
        detail: None,
        documentation: None,
        deprecated: None,
        preselect: None,
        sort_text: None,
        filter_text: None,
        insert_text: None,
        insert_text_format: None,
        insert_text_mode: None,
        text_edit: None,
        additional_text_edits: None,
        command: None,
        commit_characters: None,
        data: None,
        tags: None,
    },
    CompletionItem {
        label: "of",
        kind: Some(
            Keyword,
        ),
        detail: None,
        documentation: None,
        deprecated: None,
        preselect: None,
        sort_text: None,
        filter_text: None,
        insert_text: None,
        insert_text_format: None,
        insert_text_mode: None,
        text_edit: None,
        additional_text_edits: None,
        command: None,
        commit_characters: None,
        data: None,
        tags: None,
    },
    CompletionItem {
        label: "opaque",
        kind: Some(
            Keyword,
        ),
        detail: None,
        documentation: None,
        deprecated: None,
        preselect: None,
        sort_text: None,
        filter_text: None,
        insert_text: None,
        insert_text_format: None,
        insert_text_mode: None,
        text_edit: None,
        additional_text_edits: None,
        command: None,
        commit_characters: None,
        data: None,
        tags: None,
    },
    CompletionItem {
        label: "option",
        kind: Some(
            Keyword,
        ),
        detail: None,
        documentation: None,
        deprecated: None,
        preselect: None,
        sort_text: None,
        filter_text: None,
        insert_text: None,
        insert_text_format: None,
        insert_text_mode: None,
        text_edit: None,
        additional_text_edits: None,
        command: None,
        commit_characters: None,
        data: None,
        tags: None,
    },
    CompletionItem {
        label: "pattern",
        kind: Some(
            Keyword,
        ),
        detail: None,
        documentation: None,
        deprecated: None,
        preselect: None,
        sort_text: None,
        filter_text: None,
        insert_text: None,
        insert_text_format: None,
        insert_text_mode: None,
        text_edit: None,
        additional_text_edits: None,
        command: None,
        commit_characters: None,
        data: None,
        tags: None,
    },
    CompletionItem {
        label: "port",
        kind: Some(
            Keyword,
        ),
        detail: None,
        documentation: None,
        deprecated: None,
        preselect: None,
        sort_text: None,
        filter_text: None,
        insert_text: None,
        insert_text_format: None,
        insert_text_mode: None,
        text_edit: None,
        additional_text_edits: None,
        command: None,
        commit_characters: None,
        data: None,
        tags: None,
    },
    CompletionItem {
        label: "print",
        kind: Some(
            Keyword,
        ),
        detail: None,
        documentation: None,
        deprecated: None,
        preselect: None,
        sort_text: None,
        filter_text: None,
        insert_text: None,
        insert_text_format: None,
        insert_text_mode: None,
        text_edit: None,
        additional_text_edits: None,
        command: None,
        commit_characters: None,
        data: None,
        tags: None,
    },
    CompletionItem {
        label: "record",
        kind: Some(
            Keyword,
        ),
        detail: None,
        documentation: None,
        deprecated: None,
        preselect: None,
        sort_text: None,
        filter_text: None,
        insert_text: None,
        insert_text_format: None,
        insert_text_mode: None,
        text_edit: None,
        additional_text_edits: None,
        command: None,
        commit_characters: None,
        data: None,
        tags: None,
    },
    CompletionItem {
        label: "redef",
        kind: Some(
            Keyword,
        ),
        detail: None,
        documentation: None,
        deprecated: None,
        preselect: None,
        sort_text: None,
        filter_text: None,
        insert_text: None,
        insert_text_format: None,
        insert_text_mode: None,
        text_edit: None,
        additional_text_edits: None,
        command: None,
        commit_characters: None,
        data: None,
        tags: None,
    },
    CompletionItem {
        label: "return",
        kind: Some(
            Keyword,
        ),
        detail: None,
        documentation: None,
        deprecated: None,
        preselect: None,
        sort_text: None,
        filter_text: None,
        insert_text: None,
        insert_text_format: None,
        insert_text_mode: None,
        text_edit: None,
        additional_text_edits: None,
        command: None,
        commit_characters: None,
        data: None,
        tags: None,
    },
    CompletionItem {
        label: "schedule",
        kind: Some(
            Keyword,
        ),
        detail: None,
        documentation: None,
        deprecated: None,
        preselect: None,
        sort_text: None,
        filter_text: None,
        insert_text: None,
        insert_text_format: None,
        insert_text_mode: None,
        text_edit: None,
        additional_text_edits: None,
        command: None,
        commit_characters: None,
        data: None,
        tags: None,
    },
    CompletionItem {
        label: "set",
        kind: Some(
            Keyword,
        ),
        detail: None,
        documentation: None,
        deprecated: None,
        preselect: None,
        sort_text: None,
        filter_text: None,
        insert_text: None,
        insert_text_format: None,
        insert_text_mode: None,
        text_edit: None,
        additional_text_edits: None,
        command: None,
        commit_characters: None,
        data: None,
        tags: None,
    },
    CompletionItem {
        label: "string",
        kind: Some(
            Keyword,
        ),
        detail: None,
        documentation: None,
        deprecated: None,
        preselect: None,
        sort_text: None,
        filter_text: None,
        insert_text: None,
        insert_text_format: None,
        insert_text_mode: None,
        text_edit: None,
        additional_text_edits: None,
        command: None,
        commit_characters: None,
        data: None,
        tags: None,
    },
    CompletionItem {
        label: "subnet",
        kind: Some(
            Keyword,
        ),
        detail: None,
        documentation: None,
        deprecated: None,
        preselect: None,
        sort_text: None,
        filter_text: None,
        insert_text: None,
        insert_text_format: None,
        insert_text_mode: None,
        text_edit: None,
        additional_text_edits: None,
        command: None,
        commit_characters: None,
        data: None,
        tags: None,
    },
    CompletionItem {
        label: "switch",
        kind: Some(
            Keyword,
        ),
        detail: None,
        documentation: None,
        deprecated: None,
        preselect: None,
        sort_text: None,
        filter_text: None,
        insert_text: None,
        insert_text_format: None,
        insert_text_mode: None,
        text_edit: None,
        additional_text_edits: None,
        command: None,
        commit_characters: None,
        data: None,
        tags: None,
    },
    CompletionItem {
        label: "table",
        kind: Some(
            Keyword,
        ),
        detail: None,
        documentation: None,
        deprecated: None,
        preselect: None,
        sort_text: None,
        filter_text: None,
        insert_text: None,
        insert_text_format: None,
        insert_text_mode: None,
        text_edit: None,
        additional_text_edits: None,
        command: None,
        commit_characters: None,
        data: None,
        tags: None,
    },
    CompletionItem {
        label: "time",
        kind: Some(
            Keyword,
        ),
        detail: None,
        documentation: None,
        deprecated: None,
        preselect: None,
        sort_text: None,
        filter_text: None,
        insert_text: None,
        insert_text_format: None,
        insert_text_mode: None,
        text_edit: None,
        additional_text_edits: None,
        command: None,
        commit_characters: None,
        data: None,
        tags: None,
    },
    CompletionItem {
        label: "timeout",
        kind: Some(
            Keyword,
        ),
        detail: None,
        documentation: None,
        deprecated: None,
        preselect: None,
        sort_text: None,
        filter_text: None,
        insert_text: None,
        insert_text_format: None,
        insert_text_mode: None,
        text_edit: None,
        additional_text_edits: None,
        command: None,
        commit_characters: None,
        data: None,
        tags: None,
    },
    CompletionItem {
        label: "timer",
        kind: Some(
            Keyword,
        ),
        detail: None,
        documentation: None,
        deprecated: None,
        preselect: None,
        sort_text: None,
        filter_text: None,
        insert_text: None,
        insert_text_format: None,
        insert_text_mode: None,
        text_edit: None,
        additional_text_edits: None,
        command: None,
        commit_characters: None,
        data: None,
        tags: None,
    },
    CompletionItem {
        label: "type",
        kind: Some(
            Keyword,
        ),
        detail: None,
        documentation: None,
        deprecated: None,
        preselect: None,
        sort_text: None,
        filter_text: None,
        insert_text: None,
        insert_text_format: None,
        insert_text_mode: None,
        text_edit: None,
        additional_text_edits: None,
        command: None,
        commit_characters: None,
        data: None,
        tags: None,
    },
    CompletionItem {
        label: "union",
        kind: Some(
            Keyword,
        ),
        detail: None,
        documentation: None,
        deprecated: None,
        preselect: None,
        sort_text: None,
        filter_text: None,
        insert_text: None,
        insert_text_format: None,
        insert_text_mode: None,
        text_edit: None,
        additional_text_edits: None,
        command: None,
        commit_characters: None,
        data: None,
        tags: None,
    },
    CompletionItem {
        label: "vector",
        kind: Some(
            Keyword,
        ),
        detail: None,
        documentation: None,
        deprecated: None,
        preselect: None,
        sort_text: None,
        filter_text: None,
        insert_text: None,
        insert_text_format: None,
        insert_text_mode: None,
        text_edit: None,
        additional_text_edits: None,
        command: None,
        commit_characters: None,
        data: None,
        tags: None,
    },
    CompletionItem {
        label: "when",
        kind: Some(
            Keyword,
        ),
        detail: None,
        documentation: None,
        deprecated: None,
        preselect: None,
        sort_text: None,
        filter_text: None,
        insert_text: None,
        insert_text_format: None,
        insert_text_mode: None,
        text_edit: None,
        additional_text_edits: None,
        command: None,
        commit_characters: None,
        data: None,
        tags: None,
    },
    CompletionItem {
        label: "while",
        kind: Some(
            Keyword,
        ),
        detail: None,
        documentation: None,
        deprecated: None,
        preselect: None,
        sort_text: None,
        filter_text: None,
        insert_text: None,
        insert_text_format: None,
        insert_text_mode: None,
        text_edit: None,
        additional_text_edits: None,
        command: None,
        commit_characters: None,
        data: None,
        tags: None,
    },
]
