---
source: src/lsp.rs
expression: "tokens(\"/1?/;\")"
---
[
    SemanticTokenType(
        "regexp",
    ),
    SemanticTokenType(
        "string",
    ),
    SemanticTokenType(
        "operator",
    ),
    SemanticTokenType(
        "regexp",
    ),
    SemanticTokenType(
        "punctuation",
    ),
]
