---
source: src/ast.rs
expression: "(line,\ndb.resolve(NodeLocation::from_range(uri.clone(),\nRange::new(pos, pos))).and_then(|d| db.typ(d)))"
---
(
    "            global p = 8080/tcp;",
    Some(
        Decl {
            module: Global,
            id: "port",
            fqid: "port",
            kind: Builtin(
                Port,
            ),
            is_export: None,
            loc: None,
            documentation: "Builtin type 'port'",
        },
    ),
)
