---
source: src/complete.rs
expression: "complete(&db.0,\n    CompletionParams {\n        text_document_position: TextDocumentPositionParams::new(TextDocumentIdentifier::new(uri.as_ref().clone()),\n            Position::new(5, 14)),\n        work_done_progress_params: WorkDoneProgressParams::default(),\n        partial_result_params: PartialResultParams::default(),\n        context: None,\n    })"
---
Some(
    Array(
        [
            CompletionItem {
                label: "abc",
                label_details: None,
                kind: Some(
                    Field,
                ),
                detail: None,
                documentation: Some(
                    MarkupContent(
                        MarkupContent {
                            kind: Markdown,
                            value: "```zeek\n# In X\nabc: count;\n```",
                        },
                    ),
                ),
                deprecated: None,
                preselect: None,
                sort_text: None,
                filter_text: None,
                insert_text: None,
                insert_text_format: None,
                insert_text_mode: None,
                text_edit: None,
                additional_text_edits: None,
                command: None,
                commit_characters: None,
                data: None,
                tags: None,
            },
        ],
    ),
)
