---
source: src/query.rs
expression: func_decls
---
{
    Decl {
        module: None,
        id: "x",
        fqid: "x",
        kind: Variable,
        is_export: Some(
            false,
        ),
        loc: Some(
            Location {
                range: Range {
                    start: Position {
                        line: 15,
                        character: 34,
                    },
                    end: Position {
                        line: 15,
                        character: 44,
                    },
                },
                selection_range: Range {
                    start: Position {
                        line: 15,
                        character: 40,
                    },
                    end: Position {
                        line: 15,
                        character: 41,
                    },
                },
                uri: Uri(
                    Uri {
                        scheme: Some(
                            "file",
                        ),
                        authority: Some(
                            Authority {
                                userinfo: None,
                                host: Host {
                                    text: "",
                                    data: RegName(
                                        "",
                                    ),
                                },
                                port: None,
                            },
                        ),
                        path: "/foo/bar.zeek",
                        query: None,
                        fragment: None,
                    },
                ),
            },
        ),
        documentation: "```zeek\nlocal x=1;\n```",
    },
}
