---
source: src/complete.rs
expression: "complete(&db.0, CompletionParams\n{\n    text_document_position:\n    TextDocumentPositionParams::new(TextDocumentIdentifier::new(uri.clone()),\n    Position::new(9, 6),), work_done_progress_params:\n    WorkDoneProgressParams::default(), partial_result_params:\n    PartialResultParams::default(), context: None,\n})"
snapshot_kind: text
---
Some(
    Array(
        [
            CompletionItem {
                label: "hok",
                label_details: None,
                kind: Some(
                    Operator,
                ),
                detail: None,
                documentation: Some(
                    MarkupContent(
                        MarkupContent {
                            kind: Markdown,
                            value: "```zeek\nglobal hok: hook(c: count, s: string);\n```",
                        },
                    ),
                ),
                deprecated: None,
                preselect: None,
                sort_text: None,
                filter_text: None,
                insert_text: None,
                insert_text_format: None,
                insert_text_mode: None,
                text_edit: None,
                additional_text_edits: None,
                command: None,
                commit_characters: None,
                data: None,
                tags: None,
            },
            CompletionItem {
                label: "hook",
                label_details: None,
                kind: Some(
                    Keyword,
                ),
                detail: None,
                documentation: None,
                deprecated: None,
                preselect: None,
                sort_text: None,
                filter_text: None,
                insert_text: None,
                insert_text_format: None,
                insert_text_mode: None,
                text_edit: None,
                additional_text_edits: None,
                command: None,
                commit_characters: None,
                data: None,
                tags: None,
            },
            CompletionItem {
                label: "switch",
                label_details: None,
                kind: Some(
                    Snippet,
                ),
                detail: None,
                documentation: None,
                deprecated: None,
                preselect: None,
                sort_text: None,
                filter_text: None,
                insert_text: Some(
                    "switch ( ${1:var} )\n\t{\n\tcase ${2:case1}:\n\t\t${3:#code}\n\t\tbreak;\n\tdefault:\n\t\tbreak;\n\t}",
                ),
                insert_text_format: Some(
                    Snippet,
                ),
                insert_text_mode: None,
                text_edit: None,
                additional_text_edits: None,
                command: None,
                commit_characters: None,
                data: None,
                tags: None,
            },
            CompletionItem {
                label: "when",
                label_details: None,
                kind: Some(
                    Snippet,
                ),
                detail: None,
                documentation: None,
                deprecated: None,
                preselect: None,
                sort_text: None,
                filter_text: None,
                insert_text: Some(
                    "when ( ${1:cond} )\n\t{\n\t${2:#code}\n\t}\ntimeout ${3:duration}\n\t{\n\t${4:#code}\n\t}",
                ),
                insert_text_format: Some(
                    Snippet,
                ),
                insert_text_mode: None,
                text_edit: None,
                additional_text_edits: None,
                command: None,
                commit_characters: None,
                data: None,
                tags: None,
            },
        ],
    ),
)
