---
source: src/ast.rs
expression: "(line,\ndb.resolve(NodeLocation::from_range(uri.clone(),\nRange::new(pos, pos))).and_then(|d| db.typ(d)))"
---
(
    "            global f = 0.1234;",
    Some(
        Decl {
            module: Global,
            id: u!("addr"),
            fqid: u!("addr"),
            kind: Builtin(
                Addr,
            ),
            is_export: None,
            loc: None,
            documentation: u!("Builtin type 'addr'"),
        },
    ),
)
