---
source: src/query.rs
expression: decls
---
[
    Decl {
        module: None,
        id: "x",
        fqid: "x",
        kind: Variable,
        is_export: None,
        loc: Some(
            Location {
                range: Range {
                    start: Position {
                        line: 1,
                        character: 12,
                    },
                    end: Position {
                        line: 1,
                        character: 13,
                    },
                },
                selection_range: Range {
                    start: Position {
                        line: 1,
                        character: 12,
                    },
                    end: Position {
                        line: 1,
                        character: 20,
                    },
                },
                uri: Uri(
                    Uri {
                        scheme: "file",
                        authority: Some(
                            Authority {
                                userinfo: None,
                                host: "",
                                host_parsed: RegName(
                                    "",
                                ),
                                port: None,
                            },
                        ),
                        path: "/tmp/x.zeek",
                        query: None,
                        fragment: None,
                    },
                ),
            },
        ),
        documentation: "```zeek\nx: count\n```",
    },
    Decl {
        module: None,
        id: "y",
        fqid: "y",
        kind: Variable,
        is_export: None,
        loc: Some(
            Location {
                range: Range {
                    start: Position {
                        line: 1,
                        character: 22,
                    },
                    end: Position {
                        line: 1,
                        character: 23,
                    },
                },
                selection_range: Range {
                    start: Position {
                        line: 1,
                        character: 22,
                    },
                    end: Position {
                        line: 1,
                        character: 31,
                    },
                },
                uri: Uri(
                    Uri {
                        scheme: "file",
                        authority: Some(
                            Authority {
                                userinfo: None,
                                host: "",
                                host_parsed: RegName(
                                    "",
                                ),
                                port: None,
                            },
                        ),
                        path: "/tmp/x.zeek",
                        query: None,
                        fragment: None,
                    },
                ),
            },
        ),
        documentation: "```zeek\ny: string\n```",
    },
]
