---
source: src/ast.rs
expression: db.typ(decl)
---
Some(
    Decl {
        module: Global,
        id: u!("count"),
        fqid: u!("count"),
        kind: Builtin(
            Count,
        ),
        is_export: None,
        loc: None,
        documentation: u!("Builtin type 'count'"),
    },
)
