---
source: src/ast.rs
expression: resolved
---
Decl {
    module: Global,
    id: u!("table[count, string] of int"),
    fqid: u!("table[count, string] of int"),
    kind: Builtin(
        Table(
            [
                Count,
                String,
            ],
            Int,
        ),
    ),
    is_export: None,
    loc: None,
    documentation: u!("Builtin type 'table[count, string] of int'"),
}
