---
source: src/complete.rs
expression: result
snapshot_kind: text
---
[
    CompletionItem {
        label: "F",
        label_details: None,
        kind: Some(
            Keyword,
        ),
        detail: None,
        documentation: None,
        deprecated: None,
        preselect: None,
        sort_text: None,
        filter_text: None,
        insert_text: None,
        insert_text_format: None,
        insert_text_mode: None,
        text_edit: None,
        additional_text_edits: None,
        command: None,
        commit_characters: None,
        data: None,
        tags: None,
    },
    CompletionItem {
        label: "fallthrough",
        label_details: None,
        kind: Some(
            Keyword,
        ),
        detail: None,
        documentation: None,
        deprecated: None,
        preselect: None,
        sort_text: None,
        filter_text: None,
        insert_text: None,
        insert_text_format: None,
        insert_text_mode: None,
        text_edit: None,
        additional_text_edits: None,
        command: None,
        commit_characters: None,
        data: None,
        tags: None,
    },
    CompletionItem {
        label: "file",
        label_details: None,
        kind: Some(
            Keyword,
        ),
        detail: None,
        documentation: None,
        deprecated: None,
        preselect: None,
        sort_text: None,
        filter_text: None,
        insert_text: None,
        insert_text_format: None,
        insert_text_mode: None,
        text_edit: None,
        additional_text_edits: None,
        command: None,
        commit_characters: None,
        data: None,
        tags: None,
    },
    CompletionItem {
        label: "foo",
        label_details: None,
        kind: Some(
            Function,
        ),
        detail: None,
        documentation: Some(
            MarkupContent(
                MarkupContent {
                    kind: Markdown,
                    value: "```zeek\nfunction foo() {}\n```",
                },
            ),
        ),
        deprecated: None,
        preselect: None,
        sort_text: None,
        filter_text: None,
        insert_text: None,
        insert_text_format: None,
        insert_text_mode: None,
        text_edit: None,
        additional_text_edits: None,
        command: None,
        commit_characters: None,
        data: None,
        tags: None,
    },
    CompletionItem {
        label: "for",
        label_details: None,
        kind: Some(
            Keyword,
        ),
        detail: None,
        documentation: None,
        deprecated: None,
        preselect: None,
        sort_text: None,
        filter_text: None,
        insert_text: None,
        insert_text_format: None,
        insert_text_mode: None,
        text_edit: None,
        additional_text_edits: None,
        command: None,
        commit_characters: None,
        data: None,
        tags: None,
    },
    CompletionItem {
        label: "for",
        label_details: None,
        kind: Some(
            Snippet,
        ),
        detail: None,
        documentation: None,
        deprecated: None,
        preselect: None,
        sort_text: None,
        filter_text: None,
        insert_text: Some(
            "for ( ${1:x} in ${2:xs} )\n\t{\n\t${3:#code}\n\t}",
        ),
        insert_text_format: Some(
            Snippet,
        ),
        insert_text_mode: None,
        text_edit: None,
        additional_text_edits: None,
        command: None,
        commit_characters: None,
        data: None,
        tags: None,
    },
    CompletionItem {
        label: "function",
        label_details: None,
        kind: Some(
            Keyword,
        ),
        detail: None,
        documentation: None,
        deprecated: None,
        preselect: None,
        sort_text: None,
        filter_text: None,
        insert_text: None,
        insert_text_format: None,
        insert_text_mode: None,
        text_edit: None,
        additional_text_edits: None,
        command: None,
        commit_characters: None,
        data: None,
        tags: None,
    },
    CompletionItem {
        label: "function",
        label_details: None,
        kind: Some(
            Snippet,
        ),
        detail: None,
        documentation: None,
        deprecated: None,
        preselect: None,
        sort_text: None,
        filter_text: None,
        insert_text: Some(
            "function ${1:function_name}(${2:${3:arg_name}: ${4:arg_type}}): ${5:return_type}\n\t{\n\t${6:#code}\n\t}",
        ),
        insert_text_format: Some(
            Snippet,
        ),
        insert_text_mode: None,
        text_edit: None,
        additional_text_edits: None,
        command: None,
        commit_characters: None,
        data: None,
        tags: None,
    },
]
