---
source: src/ast.rs
expression: db.0.loaded_files_recursive(a)
---
[
    Uri(
        Uri {
            scheme: Some(
                "file",
            ),
            authority: Some(
                Authority {
                    userinfo: None,
                    host: Host {
                        text: "",
                        data: RegName(
                            "",
                        ),
                    },
                    port: None,
                },
            ),
            path: "/tmp/b.zeek",
            query: None,
            fragment: None,
        },
    ),
    Uri(
        Uri {
            scheme: Some(
                "file",
            ),
            authority: Some(
                Authority {
                    userinfo: None,
                    host: Host {
                        text: "",
                        data: RegName(
                            "",
                        ),
                    },
                    port: None,
                },
            ),
            path: "/tmp/c.zeek",
            query: None,
            fragment: None,
        },
    ),
    Uri(
        Uri {
            scheme: Some(
                "file",
            ),
            authority: Some(
                Authority {
                    userinfo: None,
                    host: Host {
                        text: "",
                        data: RegName(
                            "",
                        ),
                    },
                    port: None,
                },
            ),
            path: "/tmp/d.zeek",
            query: None,
            fragment: None,
        },
    ),
]
