---
source: src/ast.rs
expression: "(line,\ndb.resolve(NodeLocation::from_range(uri.clone(),\nRange::new(pos, pos))).and_then(|d| db.typ(d)))"
---
(
    "            global i3 = 10 mins;",
    Some(
        Decl {
            module: Global,
            id: "interval",
            fqid: "interval",
            kind: Builtin(
                Interval,
            ),
            is_export: None,
            loc: None,
            documentation: "Builtin type 'interval'",
        },
    ),
)
