---
source: src/ast.rs
expression: c_type
---
Decl {
    module: Global,
    id: "connection",
    fqid: "connection",
    kind: Type(
        [
            Decl {
                module: None,
                id: "id",
                fqid: "connection::id",
                kind: Field(
                    [],
                ),
                is_export: None,
                loc: Some(
                    Location {
                        range: Range {
                            start: Position {
                                line: 1,
                                character: 26,
                            },
                            end: Position {
                                line: 1,
                                character: 28,
                            },
                        },
                        selection_range: Range {
                            start: Position {
                                line: 1,
                                character: 26,
                            },
                            end: Position {
                                line: 1,
                                character: 28,
                            },
                        },
                        uri: Uri(
                            Uri {
                                scheme: Some(
                                    "file",
                                ),
                                authority: Some(
                                    Authority {
                                        userinfo: None,
                                        host: Host {
                                            text: "",
                                            data: RegName(
                                                "",
                                            ),
                                        },
                                        port: None,
                                    },
                                ),
                                path: "/init-bare.zeek",
                                query: None,
                                fragment: None,
                            },
                        ),
                    },
                ),
                documentation: "```zeek\n# In connection\nid: string;\n```",
            },
            Decl {
                module: None,
                id: "name",
                fqid: "x::connection::name",
                kind: Field(
                    [],
                ),
                is_export: None,
                loc: Some(
                    Location {
                        range: Range {
                            start: Position {
                                line: 2,
                                character: 29,
                            },
                            end: Position {
                                line: 2,
                                character: 33,
                            },
                        },
                        selection_range: Range {
                            start: Position {
                                line: 2,
                                character: 29,
                            },
                            end: Position {
                                line: 2,
                                character: 33,
                            },
                        },
                        uri: Uri(
                            Uri {
                                scheme: Some(
                                    "file",
                                ),
                                authority: Some(
                                    Authority {
                                        userinfo: None,
                                        host: Host {
                                            text: "",
                                            data: RegName(
                                                "",
                                            ),
                                        },
                                        port: None,
                                    },
                                ),
                                path: "/x.zeek",
                                query: None,
                                fragment: None,
                            },
                        ),
                    },
                ),
                documentation: "```zeek\n# In x::connection\nname: string;\n```",
            },
        ],
    ),
    is_export: Some(
        false,
    ),
    loc: Some(
        Location {
            range: Range {
                start: Position {
                    line: 1,
                    character: 0,
                },
                end: Position {
                    line: 1,
                    character: 40,
                },
            },
            selection_range: Range {
                start: Position {
                    line: 1,
                    character: 5,
                },
                end: Position {
                    line: 1,
                    character: 15,
                },
            },
            uri: Uri(
                Uri {
                    scheme: Some(
                        "file",
                    ),
                    authority: Some(
                        Authority {
                            userinfo: None,
                            host: Host {
                                text: "",
                                data: RegName(
                                    "",
                                ),
                            },
                            port: None,
                        },
                    ),
                    path: "/init-bare.zeek",
                    query: None,
                    fragment: None,
                },
            ),
        },
    ),
    documentation: "```zeek\ntype connection: record { id: string; };\n```",
}
