---
source: src/ast.rs
expression: "(line,\ndb.resolve(NodeLocation::from_range(uri.clone(),\nRange::new(pos, pos))).and_then(|d| db.typ(d)))"
---
(
    "            global b2 = F;",
    Some(
        Decl {
            module: Global,
            id: "bool",
            fqid: "bool",
            kind: Builtin(
                Bool,
            ),
            is_export: None,
            loc: None,
            documentation: "Builtin type 'bool'",
        },
    ),
)
