---
source: src/ast.rs
expression: "db.resolve(NodeLocation::from_range(uri.clone(),\n            Range::new(pos, pos))).and_then(|d| db.typ(d))"
---
Some(
    Decl {
        module: Global,
        id: "set[addr]",
        fqid: "set[addr]",
        kind: Builtin(
            Set(
                [
                    "addr",
                ],
            ),
        ),
        is_export: None,
        loc: None,
        documentation: "Builtin type 'set[addr]'",
    },
)
