---
source: src/ast.rs
expression: resolved
---
Decl {
    module: Global,
    id: u!("set[count, string]"),
    fqid: u!("set[count, string]"),
    kind: Builtin(
        Set(
            [
                Count,
                String,
            ],
        ),
    ),
    is_export: None,
    loc: None,
    documentation: u!("Builtin type 'set[count, string]'"),
}
