---
source: src/complete.rs
expression: result
---
Some(
    [
        CompletionItem {
            label: "if",
            label_details: None,
            kind: Some(
                Snippet,
            ),
            detail: None,
            documentation: None,
            deprecated: None,
            preselect: None,
            sort_text: None,
            filter_text: None,
            insert_text: Some(
                "if ( ${1:cond} )\n\t{\n\t${0:#code}\n\t}",
            ),
            insert_text_format: Some(
                Snippet,
            ),
            insert_text_mode: None,
            text_edit: None,
            additional_text_edits: None,
            command: None,
            commit_characters: None,
            data: None,
            tags: None,
        },
        CompletionItem {
            label: "@if",
            label_details: None,
            kind: Some(
                Snippet,
            ),
            detail: None,
            documentation: None,
            deprecated: None,
            preselect: None,
            sort_text: None,
            filter_text: None,
            insert_text: Some(
                "@if ( ${1:cond} )\n\t${0:#code}\n@endif",
            ),
            insert_text_format: Some(
                Snippet,
            ),
            insert_text_mode: None,
            text_edit: None,
            additional_text_edits: None,
            command: None,
            commit_characters: None,
            data: None,
            tags: None,
        },
        CompletionItem {
            label: "@ifdef",
            label_details: None,
            kind: Some(
                Snippet,
            ),
            detail: None,
            documentation: None,
            deprecated: None,
            preselect: None,
            sort_text: None,
            filter_text: None,
            insert_text: Some(
                "@ifdef ( ${1:cond} )\n\t${0:#code}\n@endif",
            ),
            insert_text_format: Some(
                Snippet,
            ),
            insert_text_mode: None,
            text_edit: None,
            additional_text_edits: None,
            command: None,
            commit_characters: None,
            data: None,
            tags: None,
        },
        CompletionItem {
            label: "@ifndef",
            label_details: None,
            kind: Some(
                Snippet,
            ),
            detail: None,
            documentation: None,
            deprecated: None,
            preselect: None,
            sort_text: None,
            filter_text: None,
            insert_text: Some(
                "@ifndef ( ${1:cond} )\n\t${0:#code}\n@endif",
            ),
            insert_text_format: Some(
                Snippet,
            ),
            insert_text_mode: None,
            text_edit: None,
            additional_text_edits: None,
            command: None,
            commit_characters: None,
            data: None,
            tags: None,
        },
    ],
)
