---
source: src/complete.rs
expression: "complete(&db.0, CompletionParams\n{\n    text_document_position:\n    TextDocumentPositionParams::new(TextDocumentIdentifier::new(uri),\n    Position::new(11, 8),), work_done_progress_params:\n    WorkDoneProgressParams::default(), partial_result_params:\n    PartialResultParams::default(), context: None,\n})"
---
Some(
    Array(
        [
            CompletionItem {
                label: "evt",
                label_details: Some(
                    CompletionItemLabelDetails {
                        detail: Some(
                            "(c: count, s: string)",
                        ),
                        description: None,
                    },
                ),
                kind: Some(
                    Event,
                ),
                detail: None,
                documentation: Some(
                    MarkupContent(
                        MarkupContent {
                            kind: Markdown,
                            value: "```zeek\nglobal evt: event(c: count, s: string);\n```",
                        },
                    ),
                ),
                deprecated: None,
                preselect: None,
                sort_text: None,
                filter_text: None,
                insert_text: Some(
                    "evt(c: count, s: string) {}",
                ),
                insert_text_format: None,
                insert_text_mode: None,
                text_edit: None,
                additional_text_edits: None,
                command: None,
                commit_characters: None,
                data: None,
                tags: None,
            },
            CompletionItem {
                label: "enum",
                label_details: None,
                kind: Some(
                    Snippet,
                ),
                detail: None,
                documentation: None,
                deprecated: None,
                preselect: None,
                sort_text: None,
                filter_text: None,
                insert_text: Some(
                    "type ${1:Name}: enum {\n\t${2:value},\n};",
                ),
                insert_text_format: Some(
                    Snippet,
                ),
                insert_text_mode: None,
                text_edit: None,
                additional_text_edits: None,
                command: None,
                commit_characters: None,
                data: None,
                tags: None,
            },
            CompletionItem {
                label: "event",
                label_details: None,
                kind: Some(
                    Snippet,
                ),
                detail: None,
                documentation: None,
                deprecated: None,
                preselect: None,
                sort_text: None,
                filter_text: None,
                insert_text: Some(
                    "event ${1:zeek_init}(${2:${3:arg_name}: ${4:arg_type}})\n\t{\n\t${5:#code}\n\t}",
                ),
                insert_text_format: Some(
                    Snippet,
                ),
                insert_text_mode: None,
                text_edit: None,
                additional_text_edits: None,
                command: None,
                commit_characters: None,
                data: None,
                tags: None,
            },
        ],
    ),
)
