---
source: src/ast.rs
expression: "(line,\ndb.resolve(NodeLocation::from_range(uri.clone(),\nRange::new(pos, pos))).and_then(|d| db.typ(d)))"
---
(
    "            global he = 0x1234;",
    Some(
        Decl {
            module: Global,
            id: "count",
            fqid: "count",
            kind: Builtin(
                Count,
            ),
            is_export: None,
            loc: None,
            documentation: "Builtin type 'count'",
        },
    ),
)
